
Discarded input sections

 .group         0x0000000000000000        0xc ./startup/multiboot.o
 .group         0x0000000000000000        0xc ./startup/multiboot.o

Memory Configuration

Name             Origin             Length             Attributes
CODE             0x0000000000100000 0x0000000001000000 xr
RAM              0x0000000001100000 0x0000000004000000 rw
HEAP             0x0000000005100000 0x0000000004000000 rw
DATA_ROM         0x0000000009100000 0x0000000001000000 r
*default*        0x0000000000000000 0xffffffffffffffff

Linker script and memory map

LOAD ./startup/multiboot.o
LOAD ./startup/x64_startup.o
LOAD g:/toolchain_windows-x86_64_x86_64-zephyr-elf/x86_64-zephyr-elf/bin/../lib/gcc/x86_64-zephyr-elf/12.2.0\libgcc.a
LOAD g:/toolchain_windows-x86_64_x86_64-zephyr-elf/x86_64-zephyr-elf/bin/../lib/gcc/x86_64-zephyr-elf/12.2.0/../../../../x86_64-zephyr-elf/lib\libc.a
LOAD g:/toolchain_windows-x86_64_x86_64-zephyr-elf/x86_64-zephyr-elf/bin/../lib/gcc/x86_64-zephyr-elf/12.2.0\libgcc.a

.text           0x0000000000100000      0xb0e
                0x0000000000100000                __code_start = .
                0x0000000000100000                . = ALIGN (0x4)
 *(.multiboot_header)
 .multiboot_header
                0x0000000000100000       0x38 ./startup/x64_startup.o
                0x0000000000100000                _start
 *(.multiboot_entry)
 *(.text)
 .text          0x0000000000100038      0xad6 ./startup/multiboot.o
                0x0000000000100038                cmain
                0x0000000000100847                printf
 .text          0x0000000000100b0e        0x0 ./startup/x64_startup.o

.iplt           0x0000000000100b0e        0x0
 .iplt          0x0000000000100b0e        0x0 ./startup/multiboot.o

.text.multiboot_entry
                0x0000000000100b0e       0x3f
 .text.multiboot_entry
                0x0000000000100b0e       0x3f ./startup/x64_startup.o
                0x0000000000100b0e                multiboot_entry

.isr_text
 *(.isr)

.gdt386         0x0000000000100b4d        0x3
                0x0000000000100b50                . = ALIGN (0x8)
 *fill*         0x0000000000100b4d        0x3 
 *(.x86_gdt_section)

.rodata         0x0000000000100b50      0x1fb
                0x0000000000100b50                __rodata_start = .
 *(.rodata)
 .rodata        0x0000000000100b50      0x1fb ./startup/multiboot.o
                0x0000000000100d4b                __rodata_end = .
                0x0000000000100d4b                __code_end = .
                0x0000000009100000                __load_data_start = LOADADDR (.data)

.eh_frame       0x0000000000100d50       0xb8
 .eh_frame      0x0000000000100d50       0xb8 ./startup/multiboot.o

.rela.dyn       0x0000000000100e08        0x0
 .rela.got      0x0000000000100e08        0x0 ./startup/multiboot.o
 .rela.iplt     0x0000000000100e08        0x0 ./startup/multiboot.o
 .rela.text.multiboot_entry
                0x0000000000100e08        0x0 ./startup/multiboot.o

.data           0x0000000001100000        0x0 load address 0x0000000009100000
                0x0000000001100000                __data_start = .
 *(.data)
 .data          0x0000000001100000        0x0 ./startup/multiboot.o
 .data          0x0000000001100000        0x0 ./startup/x64_startup.o
                0x0000000001100000                __data_end = .

.got            0x0000000001100000        0x0 load address 0x0000000009100000
 .got           0x0000000001100000        0x0 ./startup/multiboot.o

.got.plt        0x0000000001100000        0x0 load address 0x0000000009100000
 .got.plt       0x0000000001100000        0x0 ./startup/multiboot.o

.igot.plt       0x0000000001100000        0x0 load address 0x0000000009100000
 .igot.plt      0x0000000001100000        0x0 ./startup/multiboot.o

.bss            0x0000000001100000       0x10 load address 0x0000000009100000
                0x0000000001100000                __bss_start = .
 *(COMMON)
 *(.bss)
 .bss           0x0000000001100000       0x10 ./startup/multiboot.o
 .bss           0x0000000001100010        0x0 ./startup/x64_startup.o
                0x0000000001100010                __bss_end = .
                0x0000000001100010                __stack_start = .

.stack
 *(kernel_stack)
                0x0000000001100010                __stack_end = .
                [!provide]                        PROVIDE (kernel_code_start = __code_start)
                [!provide]                        PROVIDE (kernel_code_end = (__code_start + LENGTH (CODE)))
                [!provide]                        PROVIDE (rodata_start = __rodata_start)
                [!provide]                        PROVIDE (rodata_end = __rodata_end)
                0x0000000009100000                PROVIDE (load_data_start = __load_data_start)
                0x0000000001100000                PROVIDE (data_start = __data_start)
                0x0000000001100000                PROVIDE (data_end = __data_end)
                0x0000000001100000                PROVIDE (bss_start = __bss_start)
                0x0000000001100010                PROVIDE (bss_end = __bss_end)
                0x0000000001100010                PROVIDE (stack_start = __stack_start)
                0x0000000001100010                PROVIDE (stack_end = __stack_end)
OUTPUT(x86_64_prj.elf elf64-x86-64)

.debug_info     0x0000000000000000      0x88b
 .debug_info    0x0000000000000000      0x868 ./startup/multiboot.o
 .debug_info    0x0000000000000868       0x23 ./startup/x64_startup.o

.debug_abbrev   0x0000000000000000      0x219
 .debug_abbrev  0x0000000000000000      0x207 ./startup/multiboot.o
 .debug_abbrev  0x0000000000000207       0x12 ./startup/x64_startup.o

.debug_aranges  0x0000000000000000       0x70
 .debug_aranges
                0x0000000000000000       0x30 ./startup/multiboot.o
 .debug_aranges
                0x0000000000000030       0x40 ./startup/x64_startup.o

.debug_macro    0x0000000000000000      0x996
 .debug_macro   0x0000000000000000       0x38 ./startup/multiboot.o
 .debug_macro   0x0000000000000038      0x892 ./startup/multiboot.o
 .debug_macro   0x00000000000008ca       0xcc ./startup/multiboot.o

.debug_line     0x0000000000000000      0x518
 .debug_line    0x0000000000000000      0x4a4 ./startup/multiboot.o
 .debug_line    0x00000000000004a4       0x74 ./startup/x64_startup.o

.debug_str      0x0000000000000000     0x343a
 .debug_str     0x0000000000000000     0x33e9 ./startup/multiboot.o
                                       0x345d (size before relaxing)
 .debug_str     0x00000000000033e9       0x51 ./startup/x64_startup.o

.debug_line_str
                0x0000000000000000       0x68
 .debug_line_str
                0x0000000000000000       0x5a ./startup/multiboot.o
                                         0x9e (size before relaxing)
 .debug_line_str
                0x000000000000005a        0xe ./startup/x64_startup.o
                                         0x53 (size before relaxing)

.comment        0x0000000000000000       0x20
 .comment       0x0000000000000000       0x20 ./startup/multiboot.o
                                         0x21 (size before relaxing)

.debug_rnglists
                0x0000000000000000       0x21
 .debug_rnglists
                0x0000000000000000       0x21 ./startup/x64_startup.o
