Archive member included to satisfy reference by file (symbol)

/home/freedomli/APP/toolchain_linux-x86_64_x86_64-zephyr-elf/x86_64-zephyr-elf/bin/../lib/gcc/x86_64-zephyr-elf/12.2.0/../../../../x86_64-zephyr-elf/lib/libc.a(lib_a-memcpy.o)
                              ./x64_cpu_drivers/x64_dt.o (memcpy)
/home/freedomli/APP/toolchain_linux-x86_64_x86_64-zephyr-elf/x86_64-zephyr-elf/bin/../lib/gcc/x86_64-zephyr-elf/12.2.0/../../../../x86_64-zephyr-elf/lib/libc.a(lib_a-memset.o)
                              ./x64_cpu_drivers/x64_dt.o (memset)

Discarded input sections

 .group         0x0000000000000000        0xc ./x64_cpu_drivers/x64_apic.o
 .group         0x0000000000000000        0xc ./x64_cpu_drivers/x64_apic.o
 .group         0x0000000000000000        0xc ./x64_cpu_drivers/x64_apic.o
 .group         0x0000000000000000        0xc ./x64_cpu_drivers/x64_apic.o
 .group         0x0000000000000000        0xc ./x64_cpu_drivers/x64_apic.o
 .group         0x0000000000000000        0xc ./x64_cpu_drivers/x64_apic.o
 .group         0x0000000000000000        0xc ./x64_cpu_drivers/x64_apic.o
 .group         0x0000000000000000        0xc ./x64_cpu_drivers/x64_apic.o
 .group         0x0000000000000000        0xc ./x64_cpu_drivers/x64_apic.o
 .group         0x0000000000000000        0xc ./x64_cpu_drivers/x64_apic.o
 .group         0x0000000000000000        0xc ./x64_cpu_drivers/x64_apic.o
 .group         0x0000000000000000        0xc ./x64_cpu_drivers/x64_dt.o
 .group         0x0000000000000000        0xc ./x64_cpu_drivers/x64_dt.o
 .group         0x0000000000000000        0xc ./x64_cpu_drivers/x64_dt.o
 .group         0x0000000000000000        0xc ./x64_cpu_drivers/x64_dt.o
 .group         0x0000000000000000        0xc ./x64_cpu_drivers/x64_dt.o
 .group         0x0000000000000000        0xc ./x64_cpu_drivers/x64_dt.o
 .group         0x0000000000000000        0xc ./x64_cpu_drivers/x64_dt.o
 .group         0x0000000000000000        0xc ./x64_cpu_drivers/x64_dt.o
 .group         0x0000000000000000        0xc ./x64_cpu_drivers/x64_dt.o
 .group         0x0000000000000000        0xc ./x64_cpu_drivers/x64_dt.o
 .group         0x0000000000000000        0xc ./x64_cpu_drivers/x64_dt.o
 .group         0x0000000000000000        0xc ./x64_cpu_drivers/x64_dt.o
 .group         0x0000000000000000        0xc ./x64_cpu_drivers/x64_dt.o
 .group         0x0000000000000000        0xc ./x64_cpu_drivers/x64_dt.o
 .group         0x0000000000000000        0xc ./x64_cpu_drivers/x64_dt.o
 .group         0x0000000000000000        0xc ./x64_cpu_drivers/x64_dt.o
 .group         0x0000000000000000        0xc ./x64_cpu_drivers/x64_dt.o
 .group         0x0000000000000000        0xc ./x64_cpu_drivers/x64_dt.o
 .group         0x0000000000000000        0xc ./x64_cpu_drivers/x64_dt.o
 .group         0x0000000000000000        0xc ./x64_cpu_drivers/x64_dt.o
 .group         0x0000000000000000        0xc ./x64_cpu_drivers/x64_dt.o
 .group         0x0000000000000000        0xc ./x64_cpu_drivers/x64_dt.o
 .group         0x0000000000000000        0xc ./x64_cpu_drivers/x64_dt.o
 .group         0x0000000000000000        0xc ./x64_cpu_drivers/x64_dt.o
 .group         0x0000000000000000        0xc ./x64_cpu_drivers/x64_dt.o
 .group         0x0000000000000000        0xc ./x64_cpu_drivers/x64_dt.o
 .debug_macro   0x0000000000000000      0x898 ./x64_cpu_drivers/x64_dt.o
 .debug_macro   0x0000000000000000       0x22 ./x64_cpu_drivers/x64_dt.o
 .debug_macro   0x0000000000000000       0xfd ./x64_cpu_drivers/x64_dt.o
 .debug_macro   0x0000000000000000       0x6a ./x64_cpu_drivers/x64_dt.o
 .debug_macro   0x0000000000000000      0x1df ./x64_cpu_drivers/x64_dt.o
 .group         0x0000000000000000        0xc ./x64_cpu_drivers/x64_mmu.o
 .group         0x0000000000000000        0xc ./x64_cpu_drivers/x64_mmu.o
 .debug_macro   0x0000000000000000      0x898 ./x64_cpu_drivers/x64_mmu.o
 .group         0x0000000000000000        0xc ./startup/multiboot2.o
 .group         0x0000000000000000        0xc ./startup/multiboot2.o
 .debug_macro   0x0000000000000000      0x898 ./startup/multiboot2.o
 .group         0x0000000000000000        0xc ./startup/x64_isr_handler.o
 .group         0x0000000000000000        0xc ./startup/x64_isr_handler.o
 .group         0x0000000000000000        0xc ./startup/x64_isr_handler.o
 .group         0x0000000000000000        0xc ./startup/x64_isr_handler.o
 .group         0x0000000000000000        0xc ./startup/x64_isr_handler.o
 .group         0x0000000000000000        0xc ./startup/x64_isr_handler.o
 .group         0x0000000000000000        0xc ./startup/x64_isr_handler.o
 .debug_macro   0x0000000000000000      0x898 ./startup/x64_isr_handler.o
 .debug_macro   0x0000000000000000       0x22 ./startup/x64_isr_handler.o
 .debug_macro   0x0000000000000000       0x56 ./startup/x64_isr_handler.o
 .debug_macro   0x0000000000000000       0x51 ./startup/x64_isr_handler.o
 .debug_macro   0x0000000000000000       0xfd ./startup/x64_isr_handler.o
 .debug_macro   0x0000000000000000       0x6a ./startup/x64_isr_handler.o
 .debug_macro   0x0000000000000000      0x1df ./startup/x64_isr_handler.o
 .group         0x0000000000000000        0xc ./startup/x64_startup.o
 .group         0x0000000000000000        0xc ./startup/x64_startup.o
 .group         0x0000000000000000        0xc ./startup/x64_startup.o
 .group         0x0000000000000000        0xc ./startup/x64_startup.o
 .group         0x0000000000000000        0xc ./startup/x64_startup.o
 .group         0x0000000000000000        0xc ./startup/x64_startup.o
 .group         0x0000000000000000        0xc ./startup/x64_startup.o
 .group         0x0000000000000000        0xc ./startup/x64_startup.o
 .group         0x0000000000000000        0xc ./startup/x64_startup.o
 .group         0x0000000000000000        0xc ./startup/x64_startup.o
 .group         0x0000000000000000        0xc ./startup/x64_startup.o
 .group         0x0000000000000000        0xc ./startup/x64_startup.o
 .group         0x0000000000000000        0xc ./startup/x64_startup.o
 .group         0x0000000000000000        0xc ./startup/x64_startup.o
 .group         0x0000000000000000        0xc ./startup/x64_startup.o
 .group         0x0000000000000000        0xc ./startup/x64_startup.o
 .group         0x0000000000000000        0xc ./startup/x64_startup.o
 .group         0x0000000000000000        0xc ./startup/x64_startup.o
 .group         0x0000000000000000        0xc ./startup/x64_startup.o
 .group         0x0000000000000000        0xc ./startup/x64_startup.o
 .group         0x0000000000000000        0xc ./startup/x64_startup.o
 .group         0x0000000000000000        0xc ./startup/x64_startup.o
 .group         0x0000000000000000        0xc ./startup/x64_startup.o
 .group         0x0000000000000000        0xc ./startup/x64_startup.o
 .group         0x0000000000000000        0xc ./startup/x64_startup.o
 .debug_macro   0x0000000000000000      0x898 ./startup/x64_startup.o
 .debug_macro   0x0000000000000000       0x22 ./startup/x64_startup.o
 .debug_macro   0x0000000000000000       0x56 ./startup/x64_startup.o
 .debug_macro   0x0000000000000000       0x51 ./startup/x64_startup.o
 .debug_macro   0x0000000000000000       0xfd ./startup/x64_startup.o
 .debug_macro   0x0000000000000000       0x6a ./startup/x64_startup.o
 .debug_macro   0x0000000000000000      0x1df ./startup/x64_startup.o
 .debug_macro   0x0000000000000000       0x19 ./startup/x64_startup.o
 .debug_macro   0x0000000000000000       0x35 ./startup/x64_startup.o
 .debug_macro   0x0000000000000000       0x34 ./startup/x64_startup.o
 .debug_macro   0x0000000000000000       0x16 ./startup/x64_startup.o
 .debug_macro   0x0000000000000000       0x43 ./startup/x64_startup.o
 .debug_macro   0x0000000000000000       0x34 ./startup/x64_startup.o
 .debug_macro   0x0000000000000000       0x10 ./startup/x64_startup.o
 .debug_macro   0x0000000000000000       0x58 ./startup/x64_startup.o
 .debug_macro   0x0000000000000000      0x182 ./startup/x64_startup.o
 .debug_macro   0x0000000000000000      0x356 ./startup/x64_startup.o
 .debug_macro   0x0000000000000000       0x35 ./startup/x64_startup.o
 .debug_macro   0x0000000000000000       0x4c ./startup/x64_startup.o
 .debug_macro   0x0000000000000000       0x94 ./startup/x64_startup.o
 .debug_macro   0x0000000000000000      0x11b ./startup/x64_startup.o

Memory Configuration

Name             Origin             Length             Attributes
MULTIBOOT        0x0000000000001000 0x0000000000002000 r
CODE             0x0000000000100000 0x0000000001000000 xr
RAM              0x0000000001100000 0x0000000004000000 rw
HEAP             0x0000000005100000 0x0000000004000000 rw
DATA_ROM         0x0000000009100000 0x0000000001000000 r
*default*        0x0000000000000000 0xffffffffffffffff

Linker script and memory map

LOAD ./x64_cpu_drivers/x64_apic.o
LOAD ./x64_cpu_drivers/x64_dt.o
LOAD ./x64_cpu_drivers/x64_mmu.o
LOAD ./startup/multiboot2.o
LOAD ./startup/x64_boot.o
LOAD ./startup/x64_isr.o
LOAD ./startup/x64_isr_handler.o
LOAD ./startup/x64_startup.o
LOAD /home/freedomli/APP/toolchain_linux-x86_64_x86_64-zephyr-elf/x86_64-zephyr-elf/bin/../lib/gcc/x86_64-zephyr-elf/12.2.0/libgcc.a
LOAD /home/freedomli/APP/toolchain_linux-x86_64_x86_64-zephyr-elf/x86_64-zephyr-elf/bin/../lib/gcc/x86_64-zephyr-elf/12.2.0/../../../../x86_64-zephyr-elf/lib/libc.a
LOAD /home/freedomli/APP/toolchain_linux-x86_64_x86_64-zephyr-elf/x86_64-zephyr-elf/bin/../lib/gcc/x86_64-zephyr-elf/12.2.0/libgcc.a

.multiboot      0x0000000000001000       0x40
                0x0000000000001000                . = ALIGN (0x4)
 *(.multiboot_header)
 .multiboot_header
                0x0000000000001000       0x40 ./startup/x64_boot.o
                0x0000000000001000                _start

.text           0x0000000000100000     0x1480
                0x0000000000100000                __code_start = .
                0x0000000000100000                . = ALIGN (0x4)
 *(.text)
 .text          0x0000000000100000       0xe1 ./x64_cpu_drivers/x64_apic.o
                0x0000000000100084                apic_get_base_addr
                0x00000000001000b9                intel_apic_init
 .text          0x00000000001000e1      0x1e5 ./x64_cpu_drivers/x64_dt.o
                0x00000000001000e1                x64_create_gate_descriptor
                0x00000000001001ed                x64_add_descriptor_to_idt
                0x0000000000100253                x64_flush_idtr_register
                0x000000000010029c                x64_flush_tr_register
 .text          0x00000000001002c6        0x0 ./x64_cpu_drivers/x64_mmu.o
 .text          0x00000000001002c6      0xa69 ./startup/multiboot2.o
                0x00000000001002c6                cmain
                0x0000000000100a41                printf
                0x0000000000100d08                sumab
 *fill*         0x0000000000100d2f        0x1 
 .text          0x0000000000100d30        0x0 ./startup/x64_boot.o
 .text          0x0000000000100d30      0x274 ./startup/x64_isr.o
                0x0000000000100d83                divide_error_exception_handler
                0x0000000000100d8f                debug_exception_handler
                0x0000000000100d9b                nmi_exception_handler
                0x0000000000100da7                breakpoint_exception_handler
                0x0000000000100db6                overflow_exception_handler
                0x0000000000100dc5                bound_range_exception_handler
                0x0000000000100dd4                invalid_opcode_exception_handler
                0x0000000000100de3                device_not_available_exception_handler
                0x0000000000100df2                double_fault_exception_handler
                0x0000000000100dff                coprocessor_segment_overrun_exception_handler
                0x0000000000100e0e                invalid_tss_exception_handler
                0x0000000000100e1b                segment_not_present_exception_handler
                0x0000000000100e28                stack_fault_exception_handler
                0x0000000000100e35                general_protection_exception_handler
                0x0000000000100e42                page_fault_exception_handler
                0x0000000000100e4f                reserved_exception_handler
                0x0000000000100e5e                fpu_fp_error_exception_handler
                0x0000000000100e6d                aligment_check_exception_handler
                0x0000000000100e7a                machine_cahck_exception_handler
                0x0000000000100e89                simd_fp_exception_handler
                0x0000000000100e98                virt_exception_exception_handler
                0x0000000000100ea5                exit0_handler
                0x0000000000100eb4                exit1_handler
                0x0000000000100ec3                exit2_handler
                0x0000000000100ed2                exit3_handler
                0x0000000000100ee1                exit4_handler
                0x0000000000100ef0                exit5_handler
                0x0000000000100eff                exit6_handler
                0x0000000000100f0e                exit7_handler
                0x0000000000100f1d                exit8_handler
                0x0000000000100f2c                exit9_handler
                0x0000000000100f3b                exit10_handler
                0x0000000000100f4a                exit11_handler
                0x0000000000100f59                exit12_handler
                0x0000000000100f68                exit13_handler
                0x0000000000100f77                exit14_handler
                0x0000000000100f86                exit15_handler
                0x0000000000100f95                exit16_handler
 .text          0x0000000000100fa4       0x22 ./startup/x64_isr_handler.o
                0x0000000000100fa4                x64_common_isr
 .text          0x0000000000100fc6      0x2a1 ./startup/x64_startup.o
                0x0000000000100fc6                x64_tss_init
                0x0000000000101115                x64_idt_init
                0x000000000010122a                x64_arch_init
                0x000000000010123b                divided_zero
 *fill*         0x0000000000101267        0x9 
 .text          0x0000000000101270      0x12d /home/freedomli/APP/toolchain_linux-x86_64_x86_64-zephyr-elf/x86_64-zephyr-elf/bin/../lib/gcc/x86_64-zephyr-elf/12.2.0/../../../../x86_64-zephyr-elf/lib/libc.a(lib_a-memcpy.o)
                0x0000000000101270                memcpy
 *fill*         0x000000000010139d        0x3 
 .text          0x00000000001013a0       0xe0 /home/freedomli/APP/toolchain_linux-x86_64_x86_64-zephyr-elf/x86_64-zephyr-elf/bin/../lib/gcc/x86_64-zephyr-elf/12.2.0/../../../../x86_64-zephyr-elf/lib/libc.a(lib_a-memset.o)
                0x00000000001013a0                memset

.iplt           0x0000000000101480        0x0
 .iplt          0x0000000000101480        0x0 ./x64_cpu_drivers/x64_apic.o

.text.multiboot_entry
                0x0000000000101480       0x7e
 .text.multiboot_entry
                0x0000000000101480       0x7e ./startup/x64_boot.o
                0x0000000000101480                multiboot_entry

.text.mmu_translate_table_init
                0x00000000001014fe       0x3c
 .text.mmu_translate_table_init
                0x00000000001014fe       0x3c ./startup/x64_boot.o
                0x00000000001014fe                mmu_translate_table_init

.text.x64_start
                0x000000000010153a       0x37
 .text.x64_start
                0x000000000010153a       0x37 ./startup/x64_boot.o
                0x000000000010153a                x64_start

.isr_text
 *(.isr)

.gdt386         0x0000000000101571        0x7
                0x0000000000101578                . = ALIGN (0x8)
 *fill*         0x0000000000101571        0x7 
 *(.x86_gdt_section)

.rodata         0x0000000000101578      0x197
                0x0000000000101578                __rodata_start = .
 *(.rodata)
 .rodata        0x0000000000101578      0x197 ./startup/multiboot2.o
 *(.rodata.*)
                0x000000000010170f                __rodata_end = .
                0x000000000010170f                __code_end = .
                0x0000000009100000                __load_data_start = LOADADDR (.data)

.eh_frame       0x0000000000101710      0x2a0
 .eh_frame      0x0000000000101710       0xa0 ./x64_cpu_drivers/x64_apic.o
 .eh_frame      0x00000000001017b0       0x80 ./x64_cpu_drivers/x64_dt.o
                                         0x98 (size before relaxing)
 .eh_frame      0x0000000000101830       0xc0 ./startup/multiboot2.o
                                         0xd8 (size before relaxing)
 .eh_frame      0x00000000001018f0       0x20 ./startup/x64_isr_handler.o
                                         0x38 (size before relaxing)
 .eh_frame      0x0000000000101910       0xa0 ./startup/x64_startup.o
                                         0xb8 (size before relaxing)

.rela.dyn       0x00000000001019b0        0x0
 .rela.got      0x00000000001019b0        0x0 ./x64_cpu_drivers/x64_apic.o
 .rela.iplt     0x00000000001019b0        0x0 ./x64_cpu_drivers/x64_apic.o
 .rela.text.multiboot_entry
                0x00000000001019b0        0x0 ./x64_cpu_drivers/x64_apic.o

.data           0x0000000001100000   0x808000 load address 0x0000000009100000
                0x0000000001100000                __data_start = .
 *(.data)
 .data          0x0000000001100000        0x0 ./x64_cpu_drivers/x64_apic.o
 .data          0x0000000001100000        0x0 ./x64_cpu_drivers/x64_dt.o
 .data          0x0000000001100000        0x0 ./x64_cpu_drivers/x64_mmu.o
 .data          0x0000000001100000        0x0 ./startup/multiboot2.o
 .data          0x0000000001100000        0x0 ./startup/x64_boot.o
 .data          0x0000000001100000      0x13a ./startup/x64_isr.o
                0x0000000001100000                g_exception_handler_table_addr
                0x00000000011000a8                g_exception_handler_table_bytes
                0x00000000011000b0                g_interrupt_handler_table_addr
                0x0000000001100138                g_interrupt_handler_table_bytes
 .data          0x000000000110013a        0x0 ./startup/x64_isr_handler.o
 .data          0x000000000110013a        0x0 ./startup/x64_startup.o
 .data          0x000000000110013a        0x0 /home/freedomli/APP/toolchain_linux-x86_64_x86_64-zephyr-elf/x86_64-zephyr-elf/bin/../lib/gcc/x86_64-zephyr-elf/12.2.0/../../../../x86_64-zephyr-elf/lib/libc.a(lib_a-memcpy.o)
 .data          0x000000000110013a        0x0 /home/freedomli/APP/toolchain_linux-x86_64_x86_64-zephyr-elf/x86_64-zephyr-elf/bin/../lib/gcc/x86_64-zephyr-elf/12.2.0/../../../../x86_64-zephyr-elf/lib/libc.a(lib_a-memset.o)
 *(.data.*)
 *fill*         0x000000000110013a        0x2 
 .data.g_x64_gdt
                0x000000000110013c       0x30 ./startup/x64_boot.o
                0x000000000110013c                g_x64_gdt
                0x000000000110015c                g_gdt_tss_pos
 *fill*         0x000000000110016c      0xe94 
 .data.g_x64_gdtr_loader
                0x0000000001101000     0x1000 ./startup/x64_boot.o
                0x0000000001101000                g_x64_gdtr_loader
 .data.x64_pml4e_table
                0x0000000001102000     0x1000 ./startup/x64_boot.o
                0x0000000001102000                x64_pml4e_table
 .data.x64_pdpte_table
                0x0000000001103000     0x1000 ./startup/x64_boot.o
                0x0000000001103000                x64_pdpte_table
 .data.x64_pde0_table
                0x0000000001104000     0x1000 ./startup/x64_boot.o
                0x0000000001104000                x64_pde0_table
 .data.x64_pde1_table
                0x0000000001105000     0x1000 ./startup/x64_boot.o
                0x0000000001105000                x64_pde1_table
 .data.x64_pde2_table
                0x0000000001106000     0x1000 ./startup/x64_boot.o
                0x0000000001106000                x64_pde2_table
 .data.x64_pde3_table
                0x0000000001107000     0x1000 ./startup/x64_boot.o
                0x0000000001107000                x64_pde3_table
 .data.x64_pte_table
                0x0000000001108000   0x800000 ./startup/x64_boot.o
                0x0000000001108000                x64_pte_table
                0x0000000001908000                __data_end = .

.got            0x0000000001908000        0x0 load address 0x0000000009908000
 .got           0x0000000001908000        0x0 ./x64_cpu_drivers/x64_apic.o

.got.plt        0x0000000001908000        0x0 load address 0x0000000009908000
 .got.plt       0x0000000001908000        0x0 ./x64_cpu_drivers/x64_apic.o

.igot.plt       0x0000000001908000        0x0 load address 0x0000000009908000
 .igot.plt      0x0000000001908000        0x0 ./x64_cpu_drivers/x64_apic.o

.bss            0x0000000001908000     0x2088 load address 0x0000000009908000
                0x0000000001908000                __bss_start = .
 *(COMMON)
 *(.bss)
 .bss           0x0000000001908000        0x0 ./x64_cpu_drivers/x64_apic.o
 .bss           0x0000000001908000        0x0 ./x64_cpu_drivers/x64_dt.o
 .bss           0x0000000001908000        0x0 ./x64_cpu_drivers/x64_mmu.o
 .bss           0x0000000001908000       0x10 ./startup/multiboot2.o
 .bss           0x0000000001908010        0x0 ./startup/x64_boot.o
 .bss           0x0000000001908010        0x0 ./startup/x64_isr.o
 .bss           0x0000000001908010        0x0 ./startup/x64_isr_handler.o
 *fill*         0x0000000001908010       0x10 
 .bss           0x0000000001908020     0x2068 ./startup/x64_startup.o
                0x0000000001908020                g_x64_idt
                0x0000000001909020                g_interrupt_stack
                0x0000000001909820                g_exception_stack
 .bss           0x000000000190a088        0x0 /home/freedomli/APP/toolchain_linux-x86_64_x86_64-zephyr-elf/x86_64-zephyr-elf/bin/../lib/gcc/x86_64-zephyr-elf/12.2.0/../../../../x86_64-zephyr-elf/lib/libc.a(lib_a-memcpy.o)
 .bss           0x000000000190a088        0x0 /home/freedomli/APP/toolchain_linux-x86_64_x86_64-zephyr-elf/x86_64-zephyr-elf/bin/../lib/gcc/x86_64-zephyr-elf/12.2.0/../../../../x86_64-zephyr-elf/lib/libc.a(lib_a-memset.o)
 *(.bss.*)
                0x000000000190a088                __bss_end = .
                0x000000000190a088                __stack_start = .

.stack          0x000000000190a0c0    0x10000 load address 0x0000000009908000
 *(.kernel.stack)
 .kernel.stack  0x000000000190a0c0    0x10000 ./startup/x64_boot.o
                0x000000000190a0c0                g_kernel_stack
                0x000000000191a0c0                __stack_end = .
                [!provide]                        PROVIDE (kernel_code_start = __code_start)
                [!provide]                        PROVIDE (kernel_code_end = (__code_start + LENGTH (CODE)))
                [!provide]                        PROVIDE (rodata_start = __rodata_start)
                [!provide]                        PROVIDE (rodata_end = __rodata_end)
                0x0000000009100000                PROVIDE (load_data_start = __load_data_start)
                0x0000000001100000                PROVIDE (data_start = __data_start)
                0x0000000001908000                PROVIDE (data_end = __data_end)
                0x0000000001908000                PROVIDE (bss_start = __bss_start)
                0x000000000190a088                PROVIDE (bss_end = __bss_end)
                0x000000000190a088                PROVIDE (stack_start = __stack_start)
                0x000000000191a0c0                PROVIDE (stack_end = __stack_end)
OUTPUT(x86_64_prj.elf elf64-x86-64)

.debug_info     0x0000000000000000     0x14b7
 .debug_info    0x0000000000000000      0x1bc ./x64_cpu_drivers/x64_apic.o
 .debug_info    0x00000000000001bc      0x377 ./x64_cpu_drivers/x64_dt.o
 .debug_info    0x0000000000000533       0x22 ./x64_cpu_drivers/x64_mmu.o
 .debug_info    0x0000000000000555      0x847 ./startup/multiboot2.o
 .debug_info    0x0000000000000d9c       0x23 ./startup/x64_boot.o
 .debug_info    0x0000000000000dbf       0x29 ./startup/x64_isr.o
 .debug_info    0x0000000000000de8       0xcc ./startup/x64_isr_handler.o
 .debug_info    0x0000000000000eb4      0x603 ./startup/x64_startup.o

.debug_abbrev   0x0000000000000000      0x748
 .debug_abbrev  0x0000000000000000       0xcc ./x64_cpu_drivers/x64_apic.o
 .debug_abbrev  0x00000000000000cc      0x183 ./x64_cpu_drivers/x64_dt.o
 .debug_abbrev  0x000000000000024f       0x12 ./x64_cpu_drivers/x64_mmu.o
 .debug_abbrev  0x0000000000000261      0x259 ./startup/multiboot2.o
 .debug_abbrev  0x00000000000004ba       0x12 ./startup/x64_boot.o
 .debug_abbrev  0x00000000000004cc       0x14 ./startup/x64_isr.o
 .debug_abbrev  0x00000000000004e0       0x7f ./startup/x64_isr_handler.o
 .debug_abbrev  0x000000000000055f      0x1e9 ./startup/x64_startup.o

.debug_aranges  0x0000000000000000      0x1a0
 .debug_aranges
                0x0000000000000000       0x30 ./x64_cpu_drivers/x64_apic.o
 .debug_aranges
                0x0000000000000030       0x30 ./x64_cpu_drivers/x64_dt.o
 .debug_aranges
                0x0000000000000060       0x20 ./x64_cpu_drivers/x64_mmu.o
 .debug_aranges
                0x0000000000000080       0x30 ./startup/multiboot2.o
 .debug_aranges
                0x00000000000000b0       0x60 ./startup/x64_boot.o
 .debug_aranges
                0x0000000000000110       0x30 ./startup/x64_isr.o
 .debug_aranges
                0x0000000000000140       0x30 ./startup/x64_isr_handler.o
 .debug_aranges
                0x0000000000000170       0x30 ./startup/x64_startup.o

.debug_macro    0x0000000000000000     0x263e
 .debug_macro   0x0000000000000000       0x87 ./x64_cpu_drivers/x64_apic.o
 .debug_macro   0x0000000000000087      0x898 ./x64_cpu_drivers/x64_apic.o
 .debug_macro   0x000000000000091f       0x94 ./x64_cpu_drivers/x64_apic.o
 .debug_macro   0x00000000000009b3      0x19c ./x64_cpu_drivers/x64_apic.o
 .debug_macro   0x0000000000000b4f       0x22 ./x64_cpu_drivers/x64_apic.o
 .debug_macro   0x0000000000000b71      0x37e ./x64_cpu_drivers/x64_apic.o
 .debug_macro   0x0000000000000eef       0x22 ./x64_cpu_drivers/x64_apic.o
 .debug_macro   0x0000000000000f11       0x56 ./x64_cpu_drivers/x64_apic.o
 .debug_macro   0x0000000000000f67       0x51 ./x64_cpu_drivers/x64_apic.o
 .debug_macro   0x0000000000000fb8       0xfd ./x64_cpu_drivers/x64_apic.o
 .debug_macro   0x00000000000010b5       0x6a ./x64_cpu_drivers/x64_apic.o
 .debug_macro   0x000000000000111f      0x1df ./x64_cpu_drivers/x64_apic.o
 .debug_macro   0x00000000000012fe      0x143 ./x64_cpu_drivers/x64_dt.o
 .debug_macro   0x0000000000001441       0x19 ./x64_cpu_drivers/x64_dt.o
 .debug_macro   0x000000000000145a       0x52 ./x64_cpu_drivers/x64_dt.o
 .debug_macro   0x00000000000014ac       0x5c ./x64_cpu_drivers/x64_dt.o
 .debug_macro   0x0000000000001508       0x35 ./x64_cpu_drivers/x64_dt.o
 .debug_macro   0x000000000000153d       0x34 ./x64_cpu_drivers/x64_dt.o
 .debug_macro   0x0000000000001571       0x16 ./x64_cpu_drivers/x64_dt.o
 .debug_macro   0x0000000000001587      0x11c ./x64_cpu_drivers/x64_dt.o
 .debug_macro   0x00000000000016a3       0x8d ./x64_cpu_drivers/x64_dt.o
 .debug_macro   0x0000000000001730       0x16 ./x64_cpu_drivers/x64_dt.o
 .debug_macro   0x0000000000001746       0x43 ./x64_cpu_drivers/x64_dt.o
 .debug_macro   0x0000000000001789       0x57 ./x64_cpu_drivers/x64_dt.o
 .debug_macro   0x00000000000017e0       0x34 ./x64_cpu_drivers/x64_dt.o
 .debug_macro   0x0000000000001814       0x10 ./x64_cpu_drivers/x64_dt.o
 .debug_macro   0x0000000000001824       0x58 ./x64_cpu_drivers/x64_dt.o
 .debug_macro   0x000000000000187c      0x182 ./x64_cpu_drivers/x64_dt.o
 .debug_macro   0x00000000000019fe      0x356 ./x64_cpu_drivers/x64_dt.o
 .debug_macro   0x0000000000001d54       0x22 ./x64_cpu_drivers/x64_dt.o
 .debug_macro   0x0000000000001d76       0x16 ./x64_cpu_drivers/x64_dt.o
 .debug_macro   0x0000000000001d8c       0x35 ./x64_cpu_drivers/x64_dt.o
 .debug_macro   0x0000000000001dc1      0x11b ./x64_cpu_drivers/x64_dt.o
 .debug_macro   0x0000000000001edc       0x4c ./x64_cpu_drivers/x64_dt.o
 .debug_macro   0x0000000000001f28       0x1a ./x64_cpu_drivers/x64_mmu.o
 .debug_macro   0x0000000000001f42      0x18a ./x64_cpu_drivers/x64_mmu.o
 .debug_macro   0x00000000000020cc       0x32 ./startup/multiboot2.o
 .debug_macro   0x00000000000020fe      0x162 ./startup/multiboot2.o
 .debug_macro   0x0000000000002260       0x63 ./startup/x64_isr_handler.o
 .debug_macro   0x00000000000022c3      0x157 ./startup/x64_startup.o
 .debug_macro   0x000000000000241a       0x58 ./startup/x64_startup.o
 .debug_macro   0x0000000000002472      0x182 ./startup/x64_startup.o
 .debug_macro   0x00000000000025f4       0x10 ./startup/x64_startup.o
 .debug_macro   0x0000000000002604       0x3a ./startup/x64_startup.o

.debug_line     0x0000000000000000      0xaa9
 .debug_line    0x0000000000000000       0xfa ./x64_cpu_drivers/x64_apic.o
 .debug_line    0x00000000000000fa      0x163 ./x64_cpu_drivers/x64_dt.o
 .debug_line    0x000000000000025d       0x3f ./x64_cpu_drivers/x64_mmu.o
 .debug_line    0x000000000000029c      0x456 ./startup/multiboot2.o
 .debug_line    0x00000000000006f2       0xd0 ./startup/x64_boot.o
 .debug_line    0x00000000000007c2       0x9b ./startup/x64_isr.o
 .debug_line    0x000000000000085d       0x9c ./startup/x64_isr_handler.o
 .debug_line    0x00000000000008f9      0x1b0 ./startup/x64_startup.o

.debug_str      0x0000000000000000     0x9e6a
 .debug_str     0x0000000000000000     0x51a2 ./x64_cpu_drivers/x64_apic.o
                                       0x52f5 (size before relaxing)
 .debug_str     0x00000000000051a2     0x3457 ./x64_cpu_drivers/x64_dt.o
                                       0x6eb1 (size before relaxing)
 .debug_str     0x00000000000085f9      0x788 ./x64_cpu_drivers/x64_mmu.o
                                       0x32c6 (size before relaxing)
 .debug_str     0x0000000000008d81      0xac5 ./startup/multiboot2.o
                                       0x369d (size before relaxing)
 .debug_str     0x0000000000009846       0x54 ./startup/x64_boot.o
 .debug_str     0x000000000000989a       0x15 ./startup/x64_isr.o
                                         0x53 (size before relaxing)
 .debug_str     0x00000000000098af       0x14 ./startup/x64_isr_handler.o
                                       0x39b4 (size before relaxing)
 .debug_str     0x00000000000098c3      0x5a7 ./startup/x64_startup.o
                                       0x77dd (size before relaxing)

.debug_line_str
                0x0000000000000000      0x44b
 .debug_line_str
                0x0000000000000000      0x2cd ./x64_cpu_drivers/x64_apic.o
                                        0x33a (size before relaxing)
 .debug_line_str
                0x00000000000002cd       0xaf ./x64_cpu_drivers/x64_dt.o
                                        0x399 (size before relaxing)
 .debug_line_str
                0x000000000000037c       0x27 ./x64_cpu_drivers/x64_mmu.o
                                         0xb2 (size before relaxing)
 .debug_line_str
                0x00000000000003a3       0x25 ./startup/multiboot2.o
                                         0xae (size before relaxing)
 .debug_line_str
                0x00000000000003c8        0xb ./startup/x64_boot.o
                                         0x53 (size before relaxing)
 .debug_line_str
                0x00000000000003d3        0xa ./startup/x64_isr.o
                                         0x51 (size before relaxing)
 .debug_line_str
                0x00000000000003dd       0x1d ./startup/x64_isr_handler.o
                                        0x2cf (size before relaxing)
 .debug_line_str
                0x00000000000003fa       0x51 ./startup/x64_startup.o
                                        0x38d (size before relaxing)

.comment        0x0000000000000000       0x20
 .comment       0x0000000000000000       0x20 ./x64_cpu_drivers/x64_apic.o
                                         0x21 (size before relaxing)
 .comment       0x0000000000000020       0x21 ./x64_cpu_drivers/x64_dt.o
 .comment       0x0000000000000020       0x21 ./x64_cpu_drivers/x64_mmu.o
 .comment       0x0000000000000020       0x21 ./startup/multiboot2.o
 .comment       0x0000000000000020       0x21 ./startup/x64_isr_handler.o
 .comment       0x0000000000000020       0x21 ./startup/x64_startup.o

.debug_rnglists
                0x0000000000000000       0x35
 .debug_rnglists
                0x0000000000000000       0x35 ./startup/x64_boot.o
