Archive member included to satisfy reference by file (symbol)

/home/freedom/App/toolchain_linux-x86_64_x86_64-zephyr-elf/x86_64-zephyr-elf/bin/../lib/gcc/x86_64-zephyr-elf/12.2.0/../../../../x86_64-zephyr-elf/lib/libc.a(lib_a-memcpy.o)
                              ./x64_cpu_drivers/x64_dt.o (memcpy)
/home/freedom/App/toolchain_linux-x86_64_x86_64-zephyr-elf/x86_64-zephyr-elf/bin/../lib/gcc/x86_64-zephyr-elf/12.2.0/../../../../x86_64-zephyr-elf/lib/libc.a(lib_a-memset.o)
                              ./x64_cpu_drivers/x64_dt.o (memset)

Discarded input sections

 .group         0x0000000000000000        0xc ./x64_cpu_drivers/x64_apic.o
 .group         0x0000000000000000        0xc ./x64_cpu_drivers/x64_apic.o
 .group         0x0000000000000000        0xc ./x64_cpu_drivers/x64_apic.o
 .group         0x0000000000000000        0xc ./x64_cpu_drivers/x64_apic.o
 .group         0x0000000000000000        0xc ./x64_cpu_drivers/x64_apic.o
 .group         0x0000000000000000        0xc ./x64_cpu_drivers/x64_apic.o
 .group         0x0000000000000000        0xc ./x64_cpu_drivers/x64_apic.o
 .group         0x0000000000000000        0xc ./x64_cpu_drivers/x64_apic.o
 .group         0x0000000000000000        0xc ./x64_cpu_drivers/x64_apic.o
 .group         0x0000000000000000        0xc ./x64_cpu_drivers/x64_apic.o
 .group         0x0000000000000000        0xc ./x64_cpu_drivers/x64_apic.o
 .group         0x0000000000000000        0xc ./x64_cpu_drivers/x64_dt.o
 .group         0x0000000000000000        0xc ./x64_cpu_drivers/x64_dt.o
 .group         0x0000000000000000        0xc ./x64_cpu_drivers/x64_dt.o
 .group         0x0000000000000000        0xc ./x64_cpu_drivers/x64_dt.o
 .group         0x0000000000000000        0xc ./x64_cpu_drivers/x64_dt.o
 .group         0x0000000000000000        0xc ./x64_cpu_drivers/x64_dt.o
 .group         0x0000000000000000        0xc ./x64_cpu_drivers/x64_dt.o
 .group         0x0000000000000000        0xc ./x64_cpu_drivers/x64_dt.o
 .group         0x0000000000000000        0xc ./x64_cpu_drivers/x64_dt.o
 .group         0x0000000000000000        0xc ./x64_cpu_drivers/x64_dt.o
 .group         0x0000000000000000        0xc ./x64_cpu_drivers/x64_dt.o
 .group         0x0000000000000000        0xc ./x64_cpu_drivers/x64_dt.o
 .group         0x0000000000000000        0xc ./x64_cpu_drivers/x64_dt.o
 .group         0x0000000000000000        0xc ./x64_cpu_drivers/x64_dt.o
 .group         0x0000000000000000        0xc ./x64_cpu_drivers/x64_dt.o
 .group         0x0000000000000000        0xc ./x64_cpu_drivers/x64_dt.o
 .group         0x0000000000000000        0xc ./x64_cpu_drivers/x64_dt.o
 .group         0x0000000000000000        0xc ./x64_cpu_drivers/x64_dt.o
 .group         0x0000000000000000        0xc ./x64_cpu_drivers/x64_dt.o
 .group         0x0000000000000000        0xc ./x64_cpu_drivers/x64_dt.o
 .group         0x0000000000000000        0xc ./x64_cpu_drivers/x64_dt.o
 .group         0x0000000000000000        0xc ./x64_cpu_drivers/x64_dt.o
 .group         0x0000000000000000        0xc ./x64_cpu_drivers/x64_dt.o
 .group         0x0000000000000000        0xc ./x64_cpu_drivers/x64_dt.o
 .group         0x0000000000000000        0xc ./x64_cpu_drivers/x64_dt.o
 .group         0x0000000000000000        0xc ./x64_cpu_drivers/x64_dt.o
 .debug_macro   0x0000000000000000      0x898 ./x64_cpu_drivers/x64_dt.o
 .debug_macro   0x0000000000000000       0x22 ./x64_cpu_drivers/x64_dt.o
 .debug_macro   0x0000000000000000       0xfd ./x64_cpu_drivers/x64_dt.o
 .debug_macro   0x0000000000000000       0x6a ./x64_cpu_drivers/x64_dt.o
 .debug_macro   0x0000000000000000      0x1df ./x64_cpu_drivers/x64_dt.o
 .group         0x0000000000000000        0xc ./x64_cpu_drivers/x64_mmu.o
 .group         0x0000000000000000        0xc ./x64_cpu_drivers/x64_mmu.o
 .debug_macro   0x0000000000000000      0x898 ./x64_cpu_drivers/x64_mmu.o
 .group         0x0000000000000000        0xc ./startup/multiboot2.o
 .group         0x0000000000000000        0xc ./startup/multiboot2.o
 .debug_macro   0x0000000000000000      0x898 ./startup/multiboot2.o
 .group         0x0000000000000000        0xc ./startup/x64_isr_handler.o
 .group         0x0000000000000000        0xc ./startup/x64_isr_handler.o
 .group         0x0000000000000000        0xc ./startup/x64_isr_handler.o
 .group         0x0000000000000000        0xc ./startup/x64_isr_handler.o
 .group         0x0000000000000000        0xc ./startup/x64_isr_handler.o
 .group         0x0000000000000000        0xc ./startup/x64_isr_handler.o
 .group         0x0000000000000000        0xc ./startup/x64_isr_handler.o
 .debug_macro   0x0000000000000000      0x898 ./startup/x64_isr_handler.o
 .debug_macro   0x0000000000000000       0x22 ./startup/x64_isr_handler.o
 .debug_macro   0x0000000000000000       0x56 ./startup/x64_isr_handler.o
 .debug_macro   0x0000000000000000       0x51 ./startup/x64_isr_handler.o
 .debug_macro   0x0000000000000000       0xfd ./startup/x64_isr_handler.o
 .debug_macro   0x0000000000000000       0x6a ./startup/x64_isr_handler.o
 .debug_macro   0x0000000000000000      0x1df ./startup/x64_isr_handler.o
 .group         0x0000000000000000        0xc ./startup/x64_startup.o
 .group         0x0000000000000000        0xc ./startup/x64_startup.o
 .group         0x0000000000000000        0xc ./startup/x64_startup.o
 .group         0x0000000000000000        0xc ./startup/x64_startup.o
 .group         0x0000000000000000        0xc ./startup/x64_startup.o
 .group         0x0000000000000000        0xc ./startup/x64_startup.o
 .group         0x0000000000000000        0xc ./startup/x64_startup.o
 .group         0x0000000000000000        0xc ./startup/x64_startup.o
 .group         0x0000000000000000        0xc ./startup/x64_startup.o
 .group         0x0000000000000000        0xc ./startup/x64_startup.o
 .group         0x0000000000000000        0xc ./startup/x64_startup.o
 .group         0x0000000000000000        0xc ./startup/x64_startup.o
 .group         0x0000000000000000        0xc ./startup/x64_startup.o
 .group         0x0000000000000000        0xc ./startup/x64_startup.o
 .group         0x0000000000000000        0xc ./startup/x64_startup.o
 .group         0x0000000000000000        0xc ./startup/x64_startup.o
 .group         0x0000000000000000        0xc ./startup/x64_startup.o
 .group         0x0000000000000000        0xc ./startup/x64_startup.o
 .group         0x0000000000000000        0xc ./startup/x64_startup.o
 .group         0x0000000000000000        0xc ./startup/x64_startup.o
 .group         0x0000000000000000        0xc ./startup/x64_startup.o
 .group         0x0000000000000000        0xc ./startup/x64_startup.o
 .group         0x0000000000000000        0xc ./startup/x64_startup.o
 .group         0x0000000000000000        0xc ./startup/x64_startup.o
 .group         0x0000000000000000        0xc ./startup/x64_startup.o
 .debug_macro   0x0000000000000000      0x898 ./startup/x64_startup.o
 .debug_macro   0x0000000000000000       0x22 ./startup/x64_startup.o
 .debug_macro   0x0000000000000000       0x56 ./startup/x64_startup.o
 .debug_macro   0x0000000000000000       0x51 ./startup/x64_startup.o
 .debug_macro   0x0000000000000000       0xfd ./startup/x64_startup.o
 .debug_macro   0x0000000000000000       0x6a ./startup/x64_startup.o
 .debug_macro   0x0000000000000000      0x1df ./startup/x64_startup.o
 .debug_macro   0x0000000000000000       0x19 ./startup/x64_startup.o
 .debug_macro   0x0000000000000000       0x35 ./startup/x64_startup.o
 .debug_macro   0x0000000000000000       0x34 ./startup/x64_startup.o
 .debug_macro   0x0000000000000000       0x16 ./startup/x64_startup.o
 .debug_macro   0x0000000000000000       0x43 ./startup/x64_startup.o
 .debug_macro   0x0000000000000000       0x34 ./startup/x64_startup.o
 .debug_macro   0x0000000000000000       0x10 ./startup/x64_startup.o
 .debug_macro   0x0000000000000000       0x58 ./startup/x64_startup.o
 .debug_macro   0x0000000000000000      0x182 ./startup/x64_startup.o
 .debug_macro   0x0000000000000000      0x356 ./startup/x64_startup.o
 .debug_macro   0x0000000000000000       0x35 ./startup/x64_startup.o
 .debug_macro   0x0000000000000000       0x4c ./startup/x64_startup.o
 .debug_macro   0x0000000000000000      0x11b ./startup/x64_startup.o

Memory Configuration

Name             Origin             Length             Attributes
MULTIBOOT        0x0000000000001000 0x0000000000002000 r
CODE             0x0000000000100000 0x0000000001000000 xr
RAM              0x0000000001100000 0x0000000004000000 rw
HEAP             0x0000000005100000 0x0000000004000000 rw
DATA_ROM         0x0000000009100000 0x0000000001000000 r
*default*        0x0000000000000000 0xffffffffffffffff

Linker script and memory map

LOAD ./x64_cpu_drivers/x64_apic.o
LOAD ./x64_cpu_drivers/x64_dt.o
LOAD ./x64_cpu_drivers/x64_mmu.o
LOAD ./startup/multiboot2.o
LOAD ./startup/x64_boot.o
LOAD ./startup/x64_isr.o
LOAD ./startup/x64_isr_handler.o
LOAD ./startup/x64_startup.o
LOAD /home/freedom/App/toolchain_linux-x86_64_x86_64-zephyr-elf/x86_64-zephyr-elf/bin/../lib/gcc/x86_64-zephyr-elf/12.2.0/libgcc.a
LOAD /home/freedom/App/toolchain_linux-x86_64_x86_64-zephyr-elf/x86_64-zephyr-elf/bin/../lib/gcc/x86_64-zephyr-elf/12.2.0/../../../../x86_64-zephyr-elf/lib/libc.a
LOAD /home/freedom/App/toolchain_linux-x86_64_x86_64-zephyr-elf/x86_64-zephyr-elf/bin/../lib/gcc/x86_64-zephyr-elf/12.2.0/libgcc.a

.multiboot      0x0000000000001000       0x40
                0x0000000000001000                . = ALIGN (0x4)
 *(.multiboot_header)
 .multiboot_header
                0x0000000000001000       0x40 ./startup/x64_boot.o
                0x0000000000001000                _start

.text           0x0000000000100000     0x1680
                0x0000000000100000                __code_start = .
                0x0000000000100000                . = ALIGN (0x4)
 *(.text)
 .text          0x0000000000100000      0x2d6 ./x64_cpu_drivers/x64_apic.o
                0x000000000010005d                cpu_local_apic_open
                0x0000000000100093                get_local_apic_base_addr
                0x00000000001000c8                local_apic_disable
                0x0000000000100104                local_apic_enable
                0x0000000000100140                intel_local_apic_init
                0x000000000010020b                ioapic_config_int_line
                0x0000000000100257                intel_ioapic_init
 .text          0x00000000001002d6      0x1e5 ./x64_cpu_drivers/x64_dt.o
                0x00000000001002d6                x64_create_gate_descriptor
                0x00000000001003e2                x64_add_descriptor_to_idt
                0x0000000000100448                x64_flush_idtr_register
                0x0000000000100491                x64_flush_tr_register
 .text          0x00000000001004bb        0x0 ./x64_cpu_drivers/x64_mmu.o
 .text          0x00000000001004bb      0xa69 ./startup/multiboot2.o
                0x00000000001004bb                cmain
                0x0000000000100c36                printf
                0x0000000000100efd                sumab
 *fill*         0x0000000000100f24        0x4 
 .text          0x0000000000100f28        0x0 ./startup/x64_boot.o
 .text          0x0000000000100f28      0x274 ./startup/x64_isr.o
                0x0000000000100f7b                divide_error_exception_handler
                0x0000000000100f87                debug_exception_handler
                0x0000000000100f93                nmi_exception_handler
                0x0000000000100f9f                breakpoint_exception_handler
                0x0000000000100fae                overflow_exception_handler
                0x0000000000100fbd                bound_range_exception_handler
                0x0000000000100fcc                invalid_opcode_exception_handler
                0x0000000000100fdb                device_not_available_exception_handler
                0x0000000000100fea                double_fault_exception_handler
                0x0000000000100ff7                coprocessor_segment_overrun_exception_handler
                0x0000000000101006                invalid_tss_exception_handler
                0x0000000000101013                segment_not_present_exception_handler
                0x0000000000101020                stack_fault_exception_handler
                0x000000000010102d                general_protection_exception_handler
                0x000000000010103a                page_fault_exception_handler
                0x0000000000101047                reserved_exception_handler
                0x0000000000101056                fpu_fp_error_exception_handler
                0x0000000000101065                aligment_check_exception_handler
                0x0000000000101072                machine_cahck_exception_handler
                0x0000000000101081                simd_fp_exception_handler
                0x0000000000101090                virt_exception_exception_handler
                0x000000000010109d                exit0_handler
                0x00000000001010ac                exit1_handler
                0x00000000001010bb                exit2_handler
                0x00000000001010ca                exit3_handler
                0x00000000001010d9                exit4_handler
                0x00000000001010e8                exit5_handler
                0x00000000001010f7                exit6_handler
                0x0000000000101106                exit7_handler
                0x0000000000101115                exit8_handler
                0x0000000000101124                exit9_handler
                0x0000000000101133                exit10_handler
                0x0000000000101142                exit11_handler
                0x0000000000101151                exit12_handler
                0x0000000000101160                exit13_handler
                0x000000000010116f                exit14_handler
                0x000000000010117e                exit15_handler
                0x000000000010118d                exit16_handler
 .text          0x000000000010119c       0x22 ./startup/x64_isr_handler.o
                0x000000000010119c                x64_common_isr
 .text          0x00000000001011be      0x2ab ./startup/x64_startup.o
                0x00000000001011be                x64_tss_init
                0x000000000010130d                x64_idt_init
                0x0000000000101422                x64_arch_init
                0x000000000010143d                divided_zero
 *fill*         0x0000000000101469        0x7 
 .text          0x0000000000101470      0x12d /home/freedom/App/toolchain_linux-x86_64_x86_64-zephyr-elf/x86_64-zephyr-elf/bin/../lib/gcc/x86_64-zephyr-elf/12.2.0/../../../../x86_64-zephyr-elf/lib/libc.a(lib_a-memcpy.o)
                0x0000000000101470                memcpy
 *fill*         0x000000000010159d        0x3 
 .text          0x00000000001015a0       0xe0 /home/freedom/App/toolchain_linux-x86_64_x86_64-zephyr-elf/x86_64-zephyr-elf/bin/../lib/gcc/x86_64-zephyr-elf/12.2.0/../../../../x86_64-zephyr-elf/lib/libc.a(lib_a-memset.o)
                0x00000000001015a0                memset

.iplt           0x0000000000101680        0x0
 .iplt          0x0000000000101680        0x0 ./x64_cpu_drivers/x64_apic.o

.text.multiboot_entry
                0x0000000000101680       0x7e
 .text.multiboot_entry
                0x0000000000101680       0x7e ./startup/x64_boot.o
                0x0000000000101680                multiboot_entry

.text.mmu_translate_table_init
                0x00000000001016fe       0x3c
 .text.mmu_translate_table_init
                0x00000000001016fe       0x3c ./startup/x64_boot.o
                0x00000000001016fe                mmu_translate_table_init

.text.x64_start
                0x000000000010173a       0x37
 .text.x64_start
                0x000000000010173a       0x37 ./startup/x64_boot.o
                0x000000000010173a                x64_start

.isr_text
 *(.isr)

.gdt386         0x0000000000101771        0x7
                0x0000000000101778                . = ALIGN (0x8)
 *fill*         0x0000000000101771        0x7 
 *(.x86_gdt_section)

.rodata         0x0000000000101778      0x197
                0x0000000000101778                __rodata_start = .
 *(.rodata)
 .rodata        0x0000000000101778      0x197 ./startup/multiboot2.o
 *(.rodata.*)
                0x000000000010190f                __rodata_end = .
                0x000000000010190f                __code_end = .
                0x0000000009100000                __load_data_start = LOADADDR (.data)

.eh_frame       0x0000000000101910      0x320
 .eh_frame      0x0000000000101910      0x120 ./x64_cpu_drivers/x64_apic.o
 .eh_frame      0x0000000000101a30       0x80 ./x64_cpu_drivers/x64_dt.o
                                         0x98 (size before relaxing)
 .eh_frame      0x0000000000101ab0       0xc0 ./startup/multiboot2.o
                                         0xd8 (size before relaxing)
 .eh_frame      0x0000000000101b70       0x20 ./startup/x64_isr_handler.o
                                         0x38 (size before relaxing)
 .eh_frame      0x0000000000101b90       0xa0 ./startup/x64_startup.o
                                         0xb8 (size before relaxing)

.rela.dyn       0x0000000000101c30        0x0
 .rela.got      0x0000000000101c30        0x0 ./x64_cpu_drivers/x64_apic.o
 .rela.iplt     0x0000000000101c30        0x0 ./x64_cpu_drivers/x64_apic.o
 .rela.text.multiboot_entry
                0x0000000000101c30        0x0 ./x64_cpu_drivers/x64_apic.o

.data           0x0000000001100000   0x808000 load address 0x0000000009100000
                0x0000000001100000                __data_start = .
 *(.data)
 .data          0x0000000001100000        0x0 ./x64_cpu_drivers/x64_apic.o
 .data          0x0000000001100000        0x0 ./x64_cpu_drivers/x64_dt.o
 .data          0x0000000001100000        0x0 ./x64_cpu_drivers/x64_mmu.o
 .data          0x0000000001100000        0x0 ./startup/multiboot2.o
 .data          0x0000000001100000        0x0 ./startup/x64_boot.o
 .data          0x0000000001100000      0x13a ./startup/x64_isr.o
                0x0000000001100000                g_exception_handler_table_addr
                0x00000000011000a8                g_exception_handler_table_bytes
                0x00000000011000b0                g_interrupt_handler_table_addr
                0x0000000001100138                g_interrupt_handler_table_bytes
 .data          0x000000000110013a        0x0 ./startup/x64_isr_handler.o
 .data          0x000000000110013a        0x0 ./startup/x64_startup.o
 .data          0x000000000110013a        0x0 /home/freedom/App/toolchain_linux-x86_64_x86_64-zephyr-elf/x86_64-zephyr-elf/bin/../lib/gcc/x86_64-zephyr-elf/12.2.0/../../../../x86_64-zephyr-elf/lib/libc.a(lib_a-memcpy.o)
 .data          0x000000000110013a        0x0 /home/freedom/App/toolchain_linux-x86_64_x86_64-zephyr-elf/x86_64-zephyr-elf/bin/../lib/gcc/x86_64-zephyr-elf/12.2.0/../../../../x86_64-zephyr-elf/lib/libc.a(lib_a-memset.o)
 *(.data.*)
 *fill*         0x000000000110013a        0x2 
 .data.g_x64_gdt
                0x000000000110013c       0x30 ./startup/x64_boot.o
                0x000000000110013c                g_x64_gdt
                0x000000000110015c                g_gdt_tss_pos
 *fill*         0x000000000110016c      0xe94 
 .data.g_x64_gdtr_loader
                0x0000000001101000     0x1000 ./startup/x64_boot.o
                0x0000000001101000                g_x64_gdtr_loader
 .data.x64_pml4e_table
                0x0000000001102000     0x1000 ./startup/x64_boot.o
                0x0000000001102000                x64_pml4e_table
 .data.x64_pdpte_table
                0x0000000001103000     0x1000 ./startup/x64_boot.o
                0x0000000001103000                x64_pdpte_table
 .data.x64_pde0_table
                0x0000000001104000     0x1000 ./startup/x64_boot.o
                0x0000000001104000                x64_pde0_table
 .data.x64_pde1_table
                0x0000000001105000     0x1000 ./startup/x64_boot.o
                0x0000000001105000                x64_pde1_table
 .data.x64_pde2_table
                0x0000000001106000     0x1000 ./startup/x64_boot.o
                0x0000000001106000                x64_pde2_table
 .data.x64_pde3_table
                0x0000000001107000     0x1000 ./startup/x64_boot.o
                0x0000000001107000                x64_pde3_table
 .data.x64_pte_table
                0x0000000001108000   0x800000 ./startup/x64_boot.o
                0x0000000001108000                x64_pte_table
                0x0000000001908000                __data_end = .

.got            0x0000000001908000        0x0 load address 0x0000000009908000
 .got           0x0000000001908000        0x0 ./x64_cpu_drivers/x64_apic.o

.got.plt        0x0000000001908000        0x0 load address 0x0000000009908000
 .got.plt       0x0000000001908000        0x0 ./x64_cpu_drivers/x64_apic.o

.igot.plt       0x0000000001908000        0x0 load address 0x0000000009908000
 .igot.plt      0x0000000001908000        0x0 ./x64_cpu_drivers/x64_apic.o

.bss            0x0000000001908000     0x2088 load address 0x0000000009908000
                0x0000000001908000                __bss_start = .
 *(COMMON)
 *(.bss)
 .bss           0x0000000001908000        0x0 ./x64_cpu_drivers/x64_apic.o
 .bss           0x0000000001908000        0x0 ./x64_cpu_drivers/x64_dt.o
 .bss           0x0000000001908000        0x0 ./x64_cpu_drivers/x64_mmu.o
 .bss           0x0000000001908000       0x10 ./startup/multiboot2.o
 .bss           0x0000000001908010        0x0 ./startup/x64_boot.o
 .bss           0x0000000001908010        0x0 ./startup/x64_isr.o
 .bss           0x0000000001908010        0x0 ./startup/x64_isr_handler.o
 *fill*         0x0000000001908010       0x10 
 .bss           0x0000000001908020     0x2068 ./startup/x64_startup.o
                0x0000000001908020                g_x64_idt
                0x0000000001909020                g_interrupt_stack
                0x0000000001909820                g_exception_stack
 .bss           0x000000000190a088        0x0 /home/freedom/App/toolchain_linux-x86_64_x86_64-zephyr-elf/x86_64-zephyr-elf/bin/../lib/gcc/x86_64-zephyr-elf/12.2.0/../../../../x86_64-zephyr-elf/lib/libc.a(lib_a-memcpy.o)
 .bss           0x000000000190a088        0x0 /home/freedom/App/toolchain_linux-x86_64_x86_64-zephyr-elf/x86_64-zephyr-elf/bin/../lib/gcc/x86_64-zephyr-elf/12.2.0/../../../../x86_64-zephyr-elf/lib/libc.a(lib_a-memset.o)
 *(.bss.*)
                0x000000000190a088                __bss_end = .
                0x000000000190a088                __stack_start = .

.stack          0x000000000190a0c0    0x10000 load address 0x0000000009908000
 *(.kernel.stack)
 .kernel.stack  0x000000000190a0c0    0x10000 ./startup/x64_boot.o
                0x000000000190a0c0                g_kernel_stack
                0x000000000191a0c0                __stack_end = .
                [!provide]                        PROVIDE (kernel_code_start = __code_start)
                [!provide]                        PROVIDE (kernel_code_end = (__code_start + LENGTH (CODE)))
                [!provide]                        PROVIDE (rodata_start = __rodata_start)
                [!provide]                        PROVIDE (rodata_end = __rodata_end)
                0x0000000009100000                PROVIDE (load_data_start = __load_data_start)
                0x0000000001100000                PROVIDE (data_start = __data_start)
                0x0000000001908000                PROVIDE (data_end = __data_end)
                0x0000000001908000                PROVIDE (bss_start = __bss_start)
                0x000000000190a088                PROVIDE (bss_end = __bss_end)
                0x000000000190a088                PROVIDE (stack_start = __stack_start)
                0x000000000191a0c0                PROVIDE (stack_end = __stack_end)
OUTPUT(x86_64_prj.elf elf64-x86-64)

.debug_info     0x0000000000000000     0x168b
 .debug_info    0x0000000000000000      0x37e ./x64_cpu_drivers/x64_apic.o
 .debug_info    0x000000000000037e      0x377 ./x64_cpu_drivers/x64_dt.o
 .debug_info    0x00000000000006f5       0x22 ./x64_cpu_drivers/x64_mmu.o
 .debug_info    0x0000000000000717      0x847 ./startup/multiboot2.o
 .debug_info    0x0000000000000f5e       0x23 ./startup/x64_boot.o
 .debug_info    0x0000000000000f81       0x29 ./startup/x64_isr.o
 .debug_info    0x0000000000000faa       0xcc ./startup/x64_isr_handler.o
 .debug_info    0x0000000000001076      0x615 ./startup/x64_startup.o

.debug_abbrev   0x0000000000000000      0x7a3
 .debug_abbrev  0x0000000000000000      0x112 ./x64_cpu_drivers/x64_apic.o
 .debug_abbrev  0x0000000000000112      0x183 ./x64_cpu_drivers/x64_dt.o
 .debug_abbrev  0x0000000000000295       0x12 ./x64_cpu_drivers/x64_mmu.o
 .debug_abbrev  0x00000000000002a7      0x259 ./startup/multiboot2.o
 .debug_abbrev  0x0000000000000500       0x12 ./startup/x64_boot.o
 .debug_abbrev  0x0000000000000512       0x14 ./startup/x64_isr.o
 .debug_abbrev  0x0000000000000526       0x7f ./startup/x64_isr_handler.o
 .debug_abbrev  0x00000000000005a5      0x1fe ./startup/x64_startup.o

.debug_aranges  0x0000000000000000      0x1a0
 .debug_aranges
                0x0000000000000000       0x30 ./x64_cpu_drivers/x64_apic.o
 .debug_aranges
                0x0000000000000030       0x30 ./x64_cpu_drivers/x64_dt.o
 .debug_aranges
                0x0000000000000060       0x20 ./x64_cpu_drivers/x64_mmu.o
 .debug_aranges
                0x0000000000000080       0x30 ./startup/multiboot2.o
 .debug_aranges
                0x00000000000000b0       0x60 ./startup/x64_boot.o
 .debug_aranges
                0x0000000000000110       0x30 ./startup/x64_isr.o
 .debug_aranges
                0x0000000000000140       0x30 ./startup/x64_isr_handler.o
 .debug_aranges
                0x0000000000000170       0x30 ./startup/x64_startup.o

.debug_macro    0x0000000000000000     0x2970
 .debug_macro   0x0000000000000000       0xc3 ./x64_cpu_drivers/x64_apic.o
 .debug_macro   0x00000000000000c3      0x898 ./x64_cpu_drivers/x64_apic.o
 .debug_macro   0x000000000000095b       0x22 ./x64_cpu_drivers/x64_apic.o
 .debug_macro   0x000000000000097d       0x56 ./x64_cpu_drivers/x64_apic.o
 .debug_macro   0x00000000000009d3       0x51 ./x64_cpu_drivers/x64_apic.o
 .debug_macro   0x0000000000000a24       0xfd ./x64_cpu_drivers/x64_apic.o
 .debug_macro   0x0000000000000b21       0x6a ./x64_cpu_drivers/x64_apic.o
 .debug_macro   0x0000000000000b8b      0x1df ./x64_cpu_drivers/x64_apic.o
 .debug_macro   0x0000000000000d6a      0x1c2 ./x64_cpu_drivers/x64_apic.o
 .debug_macro   0x0000000000000f2c      0x19c ./x64_cpu_drivers/x64_apic.o
 .debug_macro   0x00000000000010c8       0x22 ./x64_cpu_drivers/x64_apic.o
 .debug_macro   0x00000000000010ea      0x37e ./x64_cpu_drivers/x64_apic.o
 .debug_macro   0x0000000000001468      0x143 ./x64_cpu_drivers/x64_dt.o
 .debug_macro   0x00000000000015ab       0x19 ./x64_cpu_drivers/x64_dt.o
 .debug_macro   0x00000000000015c4       0x52 ./x64_cpu_drivers/x64_dt.o
 .debug_macro   0x0000000000001616       0x5c ./x64_cpu_drivers/x64_dt.o
 .debug_macro   0x0000000000001672       0x35 ./x64_cpu_drivers/x64_dt.o
 .debug_macro   0x00000000000016a7       0x34 ./x64_cpu_drivers/x64_dt.o
 .debug_macro   0x00000000000016db       0x16 ./x64_cpu_drivers/x64_dt.o
 .debug_macro   0x00000000000016f1      0x11c ./x64_cpu_drivers/x64_dt.o
 .debug_macro   0x000000000000180d       0x8d ./x64_cpu_drivers/x64_dt.o
 .debug_macro   0x000000000000189a       0x16 ./x64_cpu_drivers/x64_dt.o
 .debug_macro   0x00000000000018b0       0x43 ./x64_cpu_drivers/x64_dt.o
 .debug_macro   0x00000000000018f3       0x57 ./x64_cpu_drivers/x64_dt.o
 .debug_macro   0x000000000000194a       0x34 ./x64_cpu_drivers/x64_dt.o
 .debug_macro   0x000000000000197e       0x10 ./x64_cpu_drivers/x64_dt.o
 .debug_macro   0x000000000000198e       0x58 ./x64_cpu_drivers/x64_dt.o
 .debug_macro   0x00000000000019e6      0x182 ./x64_cpu_drivers/x64_dt.o
 .debug_macro   0x0000000000001b68      0x356 ./x64_cpu_drivers/x64_dt.o
 .debug_macro   0x0000000000001ebe       0x22 ./x64_cpu_drivers/x64_dt.o
 .debug_macro   0x0000000000001ee0       0x16 ./x64_cpu_drivers/x64_dt.o
 .debug_macro   0x0000000000001ef6       0x35 ./x64_cpu_drivers/x64_dt.o
 .debug_macro   0x0000000000001f2b      0x11b ./x64_cpu_drivers/x64_dt.o
 .debug_macro   0x0000000000002046       0x4c ./x64_cpu_drivers/x64_dt.o
 .debug_macro   0x0000000000002092       0x1a ./x64_cpu_drivers/x64_mmu.o
 .debug_macro   0x00000000000020ac      0x18a ./x64_cpu_drivers/x64_mmu.o
 .debug_macro   0x0000000000002236       0x32 ./startup/multiboot2.o
 .debug_macro   0x0000000000002268      0x162 ./startup/multiboot2.o
 .debug_macro   0x00000000000023ca       0x63 ./startup/x64_isr_handler.o
 .debug_macro   0x000000000000242d      0x157 ./startup/x64_startup.o
 .debug_macro   0x0000000000002584       0x58 ./startup/x64_startup.o
 .debug_macro   0x00000000000025dc      0x182 ./startup/x64_startup.o
 .debug_macro   0x000000000000275e       0x10 ./startup/x64_startup.o
 .debug_macro   0x000000000000276e       0x3a ./startup/x64_startup.o
 .debug_macro   0x00000000000027a8      0x1c8 ./startup/x64_startup.o

.debug_line     0x0000000000000000      0xb39
 .debug_line    0x0000000000000000      0x189 ./x64_cpu_drivers/x64_apic.o
 .debug_line    0x0000000000000189      0x163 ./x64_cpu_drivers/x64_dt.o
 .debug_line    0x00000000000002ec       0x3f ./x64_cpu_drivers/x64_mmu.o
 .debug_line    0x000000000000032b      0x456 ./startup/multiboot2.o
 .debug_line    0x0000000000000781       0xd0 ./startup/x64_boot.o
 .debug_line    0x0000000000000851       0x9b ./startup/x64_isr.o
 .debug_line    0x00000000000008ec       0x9c ./startup/x64_isr_handler.o
 .debug_line    0x0000000000000988      0x1b1 ./startup/x64_startup.o

.debug_str      0x0000000000000000     0xa2ff
 .debug_str     0x0000000000000000     0x564e ./x64_cpu_drivers/x64_apic.o
                                       0x57c2 (size before relaxing)
 .debug_str     0x000000000000564e     0x3442 ./x64_cpu_drivers/x64_dt.o
                                       0x6eb1 (size before relaxing)
 .debug_str     0x0000000000008a90      0x788 ./x64_cpu_drivers/x64_mmu.o
                                       0x32c6 (size before relaxing)
 .debug_str     0x0000000000009218      0xac5 ./startup/multiboot2.o
                                       0x369d (size before relaxing)
 .debug_str     0x0000000000009cdd       0x52 ./startup/x64_boot.o
 .debug_str     0x0000000000009d2f       0x15 ./startup/x64_isr.o
                                         0x51 (size before relaxing)
 .debug_str     0x0000000000009d44       0x14 ./startup/x64_isr_handler.o
                                       0x39b4 (size before relaxing)
 .debug_str     0x0000000000009d58      0x5a7 ./startup/x64_startup.o
                                       0x7a5e (size before relaxing)

.debug_line_str
                0x0000000000000000      0x441
 .debug_line_str
                0x0000000000000000      0x2c3 ./x64_cpu_drivers/x64_apic.o
                                        0x32e (size before relaxing)
 .debug_line_str
                0x00000000000002c3       0xaf ./x64_cpu_drivers/x64_dt.o
                                        0x38d (size before relaxing)
 .debug_line_str
                0x0000000000000372       0x27 ./x64_cpu_drivers/x64_mmu.o
                                         0xae (size before relaxing)
 .debug_line_str
                0x0000000000000399       0x25 ./startup/multiboot2.o
                                         0xaa (size before relaxing)
 .debug_line_str
                0x00000000000003be        0xb ./startup/x64_boot.o
                                         0x51 (size before relaxing)
 .debug_line_str
                0x00000000000003c9        0xa ./startup/x64_isr.o
                                         0x4f (size before relaxing)
 .debug_line_str
                0x00000000000003d3       0x1d ./startup/x64_isr_handler.o
                                        0x2c3 (size before relaxing)
 .debug_line_str
                0x00000000000003f0       0x51 ./startup/x64_startup.o
                                        0x381 (size before relaxing)

.comment        0x0000000000000000       0x20
 .comment       0x0000000000000000       0x20 ./x64_cpu_drivers/x64_apic.o
                                         0x21 (size before relaxing)
 .comment       0x0000000000000020       0x21 ./x64_cpu_drivers/x64_dt.o
 .comment       0x0000000000000020       0x21 ./x64_cpu_drivers/x64_mmu.o
 .comment       0x0000000000000020       0x21 ./startup/multiboot2.o
 .comment       0x0000000000000020       0x21 ./startup/x64_isr_handler.o
 .comment       0x0000000000000020       0x21 ./startup/x64_startup.o

.debug_rnglists
                0x0000000000000000       0x35
 .debug_rnglists
                0x0000000000000000       0x35 ./startup/x64_boot.o
