Archive member included to satisfy reference by file (symbol)

/home/freedomli/APP/toolchain_linux-x86_64_x86_64-zephyr-elf/x86_64-zephyr-elf/bin/../lib/gcc/x86_64-zephyr-elf/12.2.0/../../../../x86_64-zephyr-elf/lib/libc.a(lib_a-memcpy.o)
                              ./x64_cpu_drivers/x64_dt.o (memcpy)
/home/freedomli/APP/toolchain_linux-x86_64_x86_64-zephyr-elf/x86_64-zephyr-elf/bin/../lib/gcc/x86_64-zephyr-elf/12.2.0/../../../../x86_64-zephyr-elf/lib/libc.a(lib_a-memset.o)
                              ./x64_cpu_drivers/x64_dt.o (memset)

Discarded input sections

 .group         0x0000000000000000        0xc ./x64_cpu_drivers/x64_apic.o
 .group         0x0000000000000000        0xc ./x64_cpu_drivers/x64_apic.o
 .group         0x0000000000000000        0xc ./x64_cpu_drivers/x64_apic.o
 .group         0x0000000000000000        0xc ./x64_cpu_drivers/x64_apic.o
 .group         0x0000000000000000        0xc ./x64_cpu_drivers/x64_apic.o
 .group         0x0000000000000000        0xc ./x64_cpu_drivers/x64_apic.o
 .group         0x0000000000000000        0xc ./x64_cpu_drivers/x64_apic.o
 .group         0x0000000000000000        0xc ./x64_cpu_drivers/x64_apic.o
 .group         0x0000000000000000        0xc ./x64_cpu_drivers/x64_apic.o
 .group         0x0000000000000000        0xc ./x64_cpu_drivers/x64_apic.o
 .group         0x0000000000000000        0xc ./x64_cpu_drivers/x64_apic.o
 .group         0x0000000000000000        0xc ./x64_cpu_drivers/x64_dt.o
 .group         0x0000000000000000        0xc ./x64_cpu_drivers/x64_dt.o
 .group         0x0000000000000000        0xc ./x64_cpu_drivers/x64_dt.o
 .group         0x0000000000000000        0xc ./x64_cpu_drivers/x64_dt.o
 .group         0x0000000000000000        0xc ./x64_cpu_drivers/x64_dt.o
 .group         0x0000000000000000        0xc ./x64_cpu_drivers/x64_dt.o
 .group         0x0000000000000000        0xc ./x64_cpu_drivers/x64_dt.o
 .group         0x0000000000000000        0xc ./x64_cpu_drivers/x64_dt.o
 .group         0x0000000000000000        0xc ./x64_cpu_drivers/x64_dt.o
 .group         0x0000000000000000        0xc ./x64_cpu_drivers/x64_dt.o
 .group         0x0000000000000000        0xc ./x64_cpu_drivers/x64_dt.o
 .group         0x0000000000000000        0xc ./x64_cpu_drivers/x64_dt.o
 .group         0x0000000000000000        0xc ./x64_cpu_drivers/x64_dt.o
 .group         0x0000000000000000        0xc ./x64_cpu_drivers/x64_dt.o
 .group         0x0000000000000000        0xc ./x64_cpu_drivers/x64_dt.o
 .group         0x0000000000000000        0xc ./x64_cpu_drivers/x64_dt.o
 .group         0x0000000000000000        0xc ./x64_cpu_drivers/x64_dt.o
 .group         0x0000000000000000        0xc ./x64_cpu_drivers/x64_dt.o
 .group         0x0000000000000000        0xc ./x64_cpu_drivers/x64_dt.o
 .group         0x0000000000000000        0xc ./x64_cpu_drivers/x64_dt.o
 .group         0x0000000000000000        0xc ./x64_cpu_drivers/x64_dt.o
 .group         0x0000000000000000        0xc ./x64_cpu_drivers/x64_dt.o
 .group         0x0000000000000000        0xc ./x64_cpu_drivers/x64_dt.o
 .group         0x0000000000000000        0xc ./x64_cpu_drivers/x64_dt.o
 .group         0x0000000000000000        0xc ./x64_cpu_drivers/x64_dt.o
 .group         0x0000000000000000        0xc ./x64_cpu_drivers/x64_dt.o
 .debug_macro   0x0000000000000000      0x898 ./x64_cpu_drivers/x64_dt.o
 .debug_macro   0x0000000000000000       0x22 ./x64_cpu_drivers/x64_dt.o
 .debug_macro   0x0000000000000000       0xfd ./x64_cpu_drivers/x64_dt.o
 .debug_macro   0x0000000000000000       0x6a ./x64_cpu_drivers/x64_dt.o
 .debug_macro   0x0000000000000000      0x1df ./x64_cpu_drivers/x64_dt.o
 .group         0x0000000000000000        0xc ./x64_cpu_drivers/x64_mmu.o
 .group         0x0000000000000000        0xc ./x64_cpu_drivers/x64_mmu.o
 .debug_macro   0x0000000000000000      0x898 ./x64_cpu_drivers/x64_mmu.o
 .group         0x0000000000000000        0xc ./startup/multiboot2.o
 .group         0x0000000000000000        0xc ./startup/multiboot2.o
 .debug_macro   0x0000000000000000      0x898 ./startup/multiboot2.o
 .group         0x0000000000000000        0xc ./startup/x64_isr_handler.o
 .group         0x0000000000000000        0xc ./startup/x64_isr_handler.o
 .group         0x0000000000000000        0xc ./startup/x64_isr_handler.o
 .group         0x0000000000000000        0xc ./startup/x64_isr_handler.o
 .group         0x0000000000000000        0xc ./startup/x64_isr_handler.o
 .group         0x0000000000000000        0xc ./startup/x64_isr_handler.o
 .group         0x0000000000000000        0xc ./startup/x64_isr_handler.o
 .debug_macro   0x0000000000000000      0x898 ./startup/x64_isr_handler.o
 .debug_macro   0x0000000000000000       0x22 ./startup/x64_isr_handler.o
 .debug_macro   0x0000000000000000       0x56 ./startup/x64_isr_handler.o
 .debug_macro   0x0000000000000000       0x51 ./startup/x64_isr_handler.o
 .debug_macro   0x0000000000000000       0xfd ./startup/x64_isr_handler.o
 .debug_macro   0x0000000000000000       0x6a ./startup/x64_isr_handler.o
 .debug_macro   0x0000000000000000      0x1df ./startup/x64_isr_handler.o
 .group         0x0000000000000000        0xc ./startup/x64_startup.o
 .group         0x0000000000000000        0xc ./startup/x64_startup.o
 .group         0x0000000000000000        0xc ./startup/x64_startup.o
 .group         0x0000000000000000        0xc ./startup/x64_startup.o
 .group         0x0000000000000000        0xc ./startup/x64_startup.o
 .group         0x0000000000000000        0xc ./startup/x64_startup.o
 .group         0x0000000000000000        0xc ./startup/x64_startup.o
 .group         0x0000000000000000        0xc ./startup/x64_startup.o
 .group         0x0000000000000000        0xc ./startup/x64_startup.o
 .group         0x0000000000000000        0xc ./startup/x64_startup.o
 .group         0x0000000000000000        0xc ./startup/x64_startup.o
 .group         0x0000000000000000        0xc ./startup/x64_startup.o
 .group         0x0000000000000000        0xc ./startup/x64_startup.o
 .group         0x0000000000000000        0xc ./startup/x64_startup.o
 .group         0x0000000000000000        0xc ./startup/x64_startup.o
 .group         0x0000000000000000        0xc ./startup/x64_startup.o
 .group         0x0000000000000000        0xc ./startup/x64_startup.o
 .group         0x0000000000000000        0xc ./startup/x64_startup.o
 .group         0x0000000000000000        0xc ./startup/x64_startup.o
 .group         0x0000000000000000        0xc ./startup/x64_startup.o
 .group         0x0000000000000000        0xc ./startup/x64_startup.o
 .group         0x0000000000000000        0xc ./startup/x64_startup.o
 .group         0x0000000000000000        0xc ./startup/x64_startup.o
 .group         0x0000000000000000        0xc ./startup/x64_startup.o
 .group         0x0000000000000000        0xc ./startup/x64_startup.o
 .debug_macro   0x0000000000000000      0x898 ./startup/x64_startup.o
 .debug_macro   0x0000000000000000       0x22 ./startup/x64_startup.o
 .debug_macro   0x0000000000000000       0x56 ./startup/x64_startup.o
 .debug_macro   0x0000000000000000       0x51 ./startup/x64_startup.o
 .debug_macro   0x0000000000000000       0xfd ./startup/x64_startup.o
 .debug_macro   0x0000000000000000       0x6a ./startup/x64_startup.o
 .debug_macro   0x0000000000000000      0x1df ./startup/x64_startup.o
 .debug_macro   0x0000000000000000       0x19 ./startup/x64_startup.o
 .debug_macro   0x0000000000000000       0x35 ./startup/x64_startup.o
 .debug_macro   0x0000000000000000       0x34 ./startup/x64_startup.o
 .debug_macro   0x0000000000000000       0x16 ./startup/x64_startup.o
 .debug_macro   0x0000000000000000       0x43 ./startup/x64_startup.o
 .debug_macro   0x0000000000000000       0x34 ./startup/x64_startup.o
 .debug_macro   0x0000000000000000       0x10 ./startup/x64_startup.o
 .debug_macro   0x0000000000000000       0x58 ./startup/x64_startup.o
 .debug_macro   0x0000000000000000      0x182 ./startup/x64_startup.o
 .debug_macro   0x0000000000000000      0x356 ./startup/x64_startup.o
 .debug_macro   0x0000000000000000       0x35 ./startup/x64_startup.o
 .debug_macro   0x0000000000000000       0x4c ./startup/x64_startup.o
 .debug_macro   0x0000000000000000      0x11b ./startup/x64_startup.o

Memory Configuration

Name             Origin             Length             Attributes
MULTIBOOT        0x0000000000001000 0x0000000000002000 r
CODE             0x0000000000100000 0x0000000001000000 xr
RAM              0x0000000001100000 0x0000000004000000 rw
HEAP             0x0000000005100000 0x0000000004000000 rw
DATA_ROM         0x0000000009100000 0x0000000001000000 r
*default*        0x0000000000000000 0xffffffffffffffff

Linker script and memory map

LOAD ./x64_cpu_drivers/x64_apic.o
LOAD ./x64_cpu_drivers/x64_dt.o
LOAD ./x64_cpu_drivers/x64_mmu.o
LOAD ./startup/multiboot2.o
LOAD ./startup/x64_boot.o
LOAD ./startup/x64_isr.o
LOAD ./startup/x64_isr_handler.o
LOAD ./startup/x64_startup.o
LOAD /home/freedomli/APP/toolchain_linux-x86_64_x86_64-zephyr-elf/x86_64-zephyr-elf/bin/../lib/gcc/x86_64-zephyr-elf/12.2.0/libgcc.a
LOAD /home/freedomli/APP/toolchain_linux-x86_64_x86_64-zephyr-elf/x86_64-zephyr-elf/bin/../lib/gcc/x86_64-zephyr-elf/12.2.0/../../../../x86_64-zephyr-elf/lib/libc.a
LOAD /home/freedomli/APP/toolchain_linux-x86_64_x86_64-zephyr-elf/x86_64-zephyr-elf/bin/../lib/gcc/x86_64-zephyr-elf/12.2.0/libgcc.a

.multiboot      0x0000000000001000       0x40
                0x0000000000001000                . = ALIGN (0x4)
 *(.multiboot_header)
 .multiboot_header
                0x0000000000001000       0x40 ./startup/x64_boot.o
                0x0000000000001000                _start

.text           0x0000000000100000     0x15f0
                0x0000000000100000                __code_start = .
                0x0000000000100000                . = ALIGN (0x4)
 *(.text)
 .text          0x0000000000100000      0x248 ./x64_cpu_drivers/x64_apic.o
                0x000000000010005d                cpu_local_apic_open
                0x0000000000100093                get_local_apic_base_addr
                0x00000000001000c8                local_apic_disable
                0x0000000000100104                local_apic_enable
                0x0000000000100140                local_apic_set_int_vector
                0x00000000001001e9                intel_local_apic_init
 .text          0x0000000000100248      0x1e5 ./x64_cpu_drivers/x64_dt.o
                0x0000000000100248                x64_create_gate_descriptor
                0x0000000000100354                x64_add_descriptor_to_idt
                0x00000000001003ba                x64_flush_idtr_register
                0x0000000000100403                x64_flush_tr_register
 .text          0x000000000010042d        0x0 ./x64_cpu_drivers/x64_mmu.o
 .text          0x000000000010042d      0xa69 ./startup/multiboot2.o
                0x000000000010042d                cmain
                0x0000000000100ba8                printf
                0x0000000000100e6f                sumab
 *fill*         0x0000000000100e96        0x2 
 .text          0x0000000000100e98        0x0 ./startup/x64_boot.o
 .text          0x0000000000100e98      0x274 ./startup/x64_isr.o
                0x0000000000100eeb                divide_error_exception_handler
                0x0000000000100ef7                debug_exception_handler
                0x0000000000100f03                nmi_exception_handler
                0x0000000000100f0f                breakpoint_exception_handler
                0x0000000000100f1e                overflow_exception_handler
                0x0000000000100f2d                bound_range_exception_handler
                0x0000000000100f3c                invalid_opcode_exception_handler
                0x0000000000100f4b                device_not_available_exception_handler
                0x0000000000100f5a                double_fault_exception_handler
                0x0000000000100f67                coprocessor_segment_overrun_exception_handler
                0x0000000000100f76                invalid_tss_exception_handler
                0x0000000000100f83                segment_not_present_exception_handler
                0x0000000000100f90                stack_fault_exception_handler
                0x0000000000100f9d                general_protection_exception_handler
                0x0000000000100faa                page_fault_exception_handler
                0x0000000000100fb7                reserved_exception_handler
                0x0000000000100fc6                fpu_fp_error_exception_handler
                0x0000000000100fd5                aligment_check_exception_handler
                0x0000000000100fe2                machine_cahck_exception_handler
                0x0000000000100ff1                simd_fp_exception_handler
                0x0000000000101000                virt_exception_exception_handler
                0x000000000010100d                exit0_handler
                0x000000000010101c                exit1_handler
                0x000000000010102b                exit2_handler
                0x000000000010103a                exit3_handler
                0x0000000000101049                exit4_handler
                0x0000000000101058                exit5_handler
                0x0000000000101067                exit6_handler
                0x0000000000101076                exit7_handler
                0x0000000000101085                exit8_handler
                0x0000000000101094                exit9_handler
                0x00000000001010a3                exit10_handler
                0x00000000001010b2                exit11_handler
                0x00000000001010c1                exit12_handler
                0x00000000001010d0                exit13_handler
                0x00000000001010df                exit14_handler
                0x00000000001010ee                exit15_handler
                0x00000000001010fd                exit16_handler
 .text          0x000000000010110c       0x22 ./startup/x64_isr_handler.o
                0x000000000010110c                x64_common_isr
 .text          0x000000000010112e      0x2ab ./startup/x64_startup.o
                0x000000000010112e                x64_tss_init
                0x000000000010127d                x64_idt_init
                0x0000000000101392                x64_arch_init
                0x00000000001013ad                divided_zero
 *fill*         0x00000000001013d9        0x7 
 .text          0x00000000001013e0      0x12d /home/freedomli/APP/toolchain_linux-x86_64_x86_64-zephyr-elf/x86_64-zephyr-elf/bin/../lib/gcc/x86_64-zephyr-elf/12.2.0/../../../../x86_64-zephyr-elf/lib/libc.a(lib_a-memcpy.o)
                0x00000000001013e0                memcpy
 *fill*         0x000000000010150d        0x3 
 .text          0x0000000000101510       0xe0 /home/freedomli/APP/toolchain_linux-x86_64_x86_64-zephyr-elf/x86_64-zephyr-elf/bin/../lib/gcc/x86_64-zephyr-elf/12.2.0/../../../../x86_64-zephyr-elf/lib/libc.a(lib_a-memset.o)
                0x0000000000101510                memset

.iplt           0x00000000001015f0        0x0
 .iplt          0x00000000001015f0        0x0 ./x64_cpu_drivers/x64_apic.o

.text.multiboot_entry
                0x00000000001015f0       0x7e
 .text.multiboot_entry
                0x00000000001015f0       0x7e ./startup/x64_boot.o
                0x00000000001015f0                multiboot_entry

.text.mmu_translate_table_init
                0x000000000010166e       0x3c
 .text.mmu_translate_table_init
                0x000000000010166e       0x3c ./startup/x64_boot.o
                0x000000000010166e                mmu_translate_table_init

.text.x64_start
                0x00000000001016aa       0x37
 .text.x64_start
                0x00000000001016aa       0x37 ./startup/x64_boot.o
                0x00000000001016aa                x64_start

.isr_text
 *(.isr)

.gdt386         0x00000000001016e1        0x7
                0x00000000001016e8                . = ALIGN (0x8)
 *fill*         0x00000000001016e1        0x7 
 *(.x86_gdt_section)

.rodata         0x00000000001016e8      0x1cf
                0x00000000001016e8                __rodata_start = .
 *(.rodata)
 .rodata        0x00000000001016e8       0x38 ./x64_cpu_drivers/x64_apic.o
 .rodata        0x0000000000101720      0x197 ./startup/multiboot2.o
 *(.rodata.*)
                0x00000000001018b7                __rodata_end = .
                0x00000000001018b7                __code_end = .
                0x0000000009100000                __load_data_start = LOADADDR (.data)

.eh_frame       0x00000000001018b8      0x300
 .eh_frame      0x00000000001018b8      0x100 ./x64_cpu_drivers/x64_apic.o
 .eh_frame      0x00000000001019b8       0x80 ./x64_cpu_drivers/x64_dt.o
                                         0x98 (size before relaxing)
 .eh_frame      0x0000000000101a38       0xc0 ./startup/multiboot2.o
                                         0xd8 (size before relaxing)
 .eh_frame      0x0000000000101af8       0x20 ./startup/x64_isr_handler.o
                                         0x38 (size before relaxing)
 .eh_frame      0x0000000000101b18       0xa0 ./startup/x64_startup.o
                                         0xb8 (size before relaxing)

.rela.dyn       0x0000000000101bb8        0x0
 .rela.got      0x0000000000101bb8        0x0 ./x64_cpu_drivers/x64_apic.o
 .rela.iplt     0x0000000000101bb8        0x0 ./x64_cpu_drivers/x64_apic.o
 .rela.text.multiboot_entry
                0x0000000000101bb8        0x0 ./x64_cpu_drivers/x64_apic.o

.data           0x0000000001100000   0x808000 load address 0x0000000009100000
                0x0000000001100000                __data_start = .
 *(.data)
 .data          0x0000000001100000        0x0 ./x64_cpu_drivers/x64_apic.o
 .data          0x0000000001100000        0x0 ./x64_cpu_drivers/x64_dt.o
 .data          0x0000000001100000        0x0 ./x64_cpu_drivers/x64_mmu.o
 .data          0x0000000001100000        0x0 ./startup/multiboot2.o
 .data          0x0000000001100000        0x0 ./startup/x64_boot.o
 .data          0x0000000001100000      0x13a ./startup/x64_isr.o
                0x0000000001100000                g_exception_handler_table_addr
                0x00000000011000a8                g_exception_handler_table_bytes
                0x00000000011000b0                g_interrupt_handler_table_addr
                0x0000000001100138                g_interrupt_handler_table_bytes
 .data          0x000000000110013a        0x0 ./startup/x64_isr_handler.o
 .data          0x000000000110013a        0x0 ./startup/x64_startup.o
 .data          0x000000000110013a        0x0 /home/freedomli/APP/toolchain_linux-x86_64_x86_64-zephyr-elf/x86_64-zephyr-elf/bin/../lib/gcc/x86_64-zephyr-elf/12.2.0/../../../../x86_64-zephyr-elf/lib/libc.a(lib_a-memcpy.o)
 .data          0x000000000110013a        0x0 /home/freedomli/APP/toolchain_linux-x86_64_x86_64-zephyr-elf/x86_64-zephyr-elf/bin/../lib/gcc/x86_64-zephyr-elf/12.2.0/../../../../x86_64-zephyr-elf/lib/libc.a(lib_a-memset.o)
 *(.data.*)
 *fill*         0x000000000110013a        0x2 
 .data.g_x64_gdt
                0x000000000110013c       0x30 ./startup/x64_boot.o
                0x000000000110013c                g_x64_gdt
                0x000000000110015c                g_gdt_tss_pos
 *fill*         0x000000000110016c      0xe94 
 .data.g_x64_gdtr_loader
                0x0000000001101000     0x1000 ./startup/x64_boot.o
                0x0000000001101000                g_x64_gdtr_loader
 .data.x64_pml4e_table
                0x0000000001102000     0x1000 ./startup/x64_boot.o
                0x0000000001102000                x64_pml4e_table
 .data.x64_pdpte_table
                0x0000000001103000     0x1000 ./startup/x64_boot.o
                0x0000000001103000                x64_pdpte_table
 .data.x64_pde0_table
                0x0000000001104000     0x1000 ./startup/x64_boot.o
                0x0000000001104000                x64_pde0_table
 .data.x64_pde1_table
                0x0000000001105000     0x1000 ./startup/x64_boot.o
                0x0000000001105000                x64_pde1_table
 .data.x64_pde2_table
                0x0000000001106000     0x1000 ./startup/x64_boot.o
                0x0000000001106000                x64_pde2_table
 .data.x64_pde3_table
                0x0000000001107000     0x1000 ./startup/x64_boot.o
                0x0000000001107000                x64_pde3_table
 .data.x64_pte_table
                0x0000000001108000   0x800000 ./startup/x64_boot.o
                0x0000000001108000                x64_pte_table
                0x0000000001908000                __data_end = .

.got            0x0000000001908000        0x0 load address 0x0000000009908000
 .got           0x0000000001908000        0x0 ./x64_cpu_drivers/x64_apic.o

.got.plt        0x0000000001908000        0x0 load address 0x0000000009908000
 .got.plt       0x0000000001908000        0x0 ./x64_cpu_drivers/x64_apic.o

.igot.plt       0x0000000001908000        0x0 load address 0x0000000009908000
 .igot.plt      0x0000000001908000        0x0 ./x64_cpu_drivers/x64_apic.o

.bss            0x0000000001908000     0x2088 load address 0x0000000009908000
                0x0000000001908000                __bss_start = .
 *(COMMON)
 *(.bss)
 .bss           0x0000000001908000        0x0 ./x64_cpu_drivers/x64_apic.o
 .bss           0x0000000001908000        0x0 ./x64_cpu_drivers/x64_dt.o
 .bss           0x0000000001908000        0x0 ./x64_cpu_drivers/x64_mmu.o
 .bss           0x0000000001908000       0x10 ./startup/multiboot2.o
 .bss           0x0000000001908010        0x0 ./startup/x64_boot.o
 .bss           0x0000000001908010        0x0 ./startup/x64_isr.o
 .bss           0x0000000001908010        0x0 ./startup/x64_isr_handler.o
 *fill*         0x0000000001908010       0x10 
 .bss           0x0000000001908020     0x2068 ./startup/x64_startup.o
                0x0000000001908020                g_x64_idt
                0x0000000001909020                g_interrupt_stack
                0x0000000001909820                g_exception_stack
 .bss           0x000000000190a088        0x0 /home/freedomli/APP/toolchain_linux-x86_64_x86_64-zephyr-elf/x86_64-zephyr-elf/bin/../lib/gcc/x86_64-zephyr-elf/12.2.0/../../../../x86_64-zephyr-elf/lib/libc.a(lib_a-memcpy.o)
 .bss           0x000000000190a088        0x0 /home/freedomli/APP/toolchain_linux-x86_64_x86_64-zephyr-elf/x86_64-zephyr-elf/bin/../lib/gcc/x86_64-zephyr-elf/12.2.0/../../../../x86_64-zephyr-elf/lib/libc.a(lib_a-memset.o)
 *(.bss.*)
                0x000000000190a088                __bss_end = .
                0x000000000190a088                __stack_start = .

.stack          0x000000000190a0c0    0x10000 load address 0x0000000009908000
 *(.kernel.stack)
 .kernel.stack  0x000000000190a0c0    0x10000 ./startup/x64_boot.o
                0x000000000190a0c0                g_kernel_stack
                0x000000000191a0c0                __stack_end = .
                [!provide]                        PROVIDE (kernel_code_start = __code_start)
                [!provide]                        PROVIDE (kernel_code_end = (__code_start + LENGTH (CODE)))
                [!provide]                        PROVIDE (rodata_start = __rodata_start)
                [!provide]                        PROVIDE (rodata_end = __rodata_end)
                0x0000000009100000                PROVIDE (load_data_start = __load_data_start)
                0x0000000001100000                PROVIDE (data_start = __data_start)
                0x0000000001908000                PROVIDE (data_end = __data_end)
                0x0000000001908000                PROVIDE (bss_start = __bss_start)
                0x000000000190a088                PROVIDE (bss_end = __bss_end)
                0x000000000190a088                PROVIDE (stack_start = __stack_start)
                0x000000000191a0c0                PROVIDE (stack_end = __stack_end)
OUTPUT(x86_64_prj.elf elf64-x86-64)

.debug_info     0x0000000000000000     0x15e6
 .debug_info    0x0000000000000000      0x2d9 ./x64_cpu_drivers/x64_apic.o
 .debug_info    0x00000000000002d9      0x377 ./x64_cpu_drivers/x64_dt.o
 .debug_info    0x0000000000000650       0x22 ./x64_cpu_drivers/x64_mmu.o
 .debug_info    0x0000000000000672      0x847 ./startup/multiboot2.o
 .debug_info    0x0000000000000eb9       0x23 ./startup/x64_boot.o
 .debug_info    0x0000000000000edc       0x29 ./startup/x64_isr.o
 .debug_info    0x0000000000000f05       0xcc ./startup/x64_isr_handler.o
 .debug_info    0x0000000000000fd1      0x615 ./startup/x64_startup.o

.debug_abbrev   0x0000000000000000      0x758
 .debug_abbrev  0x0000000000000000       0xc7 ./x64_cpu_drivers/x64_apic.o
 .debug_abbrev  0x00000000000000c7      0x183 ./x64_cpu_drivers/x64_dt.o
 .debug_abbrev  0x000000000000024a       0x12 ./x64_cpu_drivers/x64_mmu.o
 .debug_abbrev  0x000000000000025c      0x259 ./startup/multiboot2.o
 .debug_abbrev  0x00000000000004b5       0x12 ./startup/x64_boot.o
 .debug_abbrev  0x00000000000004c7       0x14 ./startup/x64_isr.o
 .debug_abbrev  0x00000000000004db       0x7f ./startup/x64_isr_handler.o
 .debug_abbrev  0x000000000000055a      0x1fe ./startup/x64_startup.o

.debug_aranges  0x0000000000000000      0x1a0
 .debug_aranges
                0x0000000000000000       0x30 ./x64_cpu_drivers/x64_apic.o
 .debug_aranges
                0x0000000000000030       0x30 ./x64_cpu_drivers/x64_dt.o
 .debug_aranges
                0x0000000000000060       0x20 ./x64_cpu_drivers/x64_mmu.o
 .debug_aranges
                0x0000000000000080       0x30 ./startup/multiboot2.o
 .debug_aranges
                0x00000000000000b0       0x60 ./startup/x64_boot.o
 .debug_aranges
                0x0000000000000110       0x30 ./startup/x64_isr.o
 .debug_aranges
                0x0000000000000140       0x30 ./startup/x64_isr_handler.o
 .debug_aranges
                0x0000000000000170       0x30 ./startup/x64_startup.o

.debug_macro    0x0000000000000000     0x2768
 .debug_macro   0x0000000000000000       0xc3 ./x64_cpu_drivers/x64_apic.o
 .debug_macro   0x00000000000000c3      0x898 ./x64_cpu_drivers/x64_apic.o
 .debug_macro   0x000000000000095b       0x22 ./x64_cpu_drivers/x64_apic.o
 .debug_macro   0x000000000000097d       0x56 ./x64_cpu_drivers/x64_apic.o
 .debug_macro   0x00000000000009d3       0x51 ./x64_cpu_drivers/x64_apic.o
 .debug_macro   0x0000000000000a24       0xfd ./x64_cpu_drivers/x64_apic.o
 .debug_macro   0x0000000000000b21       0x6a ./x64_cpu_drivers/x64_apic.o
 .debug_macro   0x0000000000000b8b      0x1df ./x64_cpu_drivers/x64_apic.o
 .debug_macro   0x0000000000000d6a       0xbe ./x64_cpu_drivers/x64_apic.o
 .debug_macro   0x0000000000000e28      0x19c ./x64_cpu_drivers/x64_apic.o
 .debug_macro   0x0000000000000fc4       0x22 ./x64_cpu_drivers/x64_apic.o
 .debug_macro   0x0000000000000fe6      0x37e ./x64_cpu_drivers/x64_apic.o
 .debug_macro   0x0000000000001364      0x143 ./x64_cpu_drivers/x64_dt.o
 .debug_macro   0x00000000000014a7       0x19 ./x64_cpu_drivers/x64_dt.o
 .debug_macro   0x00000000000014c0       0x52 ./x64_cpu_drivers/x64_dt.o
 .debug_macro   0x0000000000001512       0x5c ./x64_cpu_drivers/x64_dt.o
 .debug_macro   0x000000000000156e       0x35 ./x64_cpu_drivers/x64_dt.o
 .debug_macro   0x00000000000015a3       0x34 ./x64_cpu_drivers/x64_dt.o
 .debug_macro   0x00000000000015d7       0x16 ./x64_cpu_drivers/x64_dt.o
 .debug_macro   0x00000000000015ed      0x11c ./x64_cpu_drivers/x64_dt.o
 .debug_macro   0x0000000000001709       0x8d ./x64_cpu_drivers/x64_dt.o
 .debug_macro   0x0000000000001796       0x16 ./x64_cpu_drivers/x64_dt.o
 .debug_macro   0x00000000000017ac       0x43 ./x64_cpu_drivers/x64_dt.o
 .debug_macro   0x00000000000017ef       0x57 ./x64_cpu_drivers/x64_dt.o
 .debug_macro   0x0000000000001846       0x34 ./x64_cpu_drivers/x64_dt.o
 .debug_macro   0x000000000000187a       0x10 ./x64_cpu_drivers/x64_dt.o
 .debug_macro   0x000000000000188a       0x58 ./x64_cpu_drivers/x64_dt.o
 .debug_macro   0x00000000000018e2      0x182 ./x64_cpu_drivers/x64_dt.o
 .debug_macro   0x0000000000001a64      0x356 ./x64_cpu_drivers/x64_dt.o
 .debug_macro   0x0000000000001dba       0x22 ./x64_cpu_drivers/x64_dt.o
 .debug_macro   0x0000000000001ddc       0x16 ./x64_cpu_drivers/x64_dt.o
 .debug_macro   0x0000000000001df2       0x35 ./x64_cpu_drivers/x64_dt.o
 .debug_macro   0x0000000000001e27      0x11b ./x64_cpu_drivers/x64_dt.o
 .debug_macro   0x0000000000001f42       0x4c ./x64_cpu_drivers/x64_dt.o
 .debug_macro   0x0000000000001f8e       0x1a ./x64_cpu_drivers/x64_mmu.o
 .debug_macro   0x0000000000001fa8      0x18a ./x64_cpu_drivers/x64_mmu.o
 .debug_macro   0x0000000000002132       0x32 ./startup/multiboot2.o
 .debug_macro   0x0000000000002164      0x162 ./startup/multiboot2.o
 .debug_macro   0x00000000000022c6       0x63 ./startup/x64_isr_handler.o
 .debug_macro   0x0000000000002329      0x157 ./startup/x64_startup.o
 .debug_macro   0x0000000000002480       0x58 ./startup/x64_startup.o
 .debug_macro   0x00000000000024d8      0x182 ./startup/x64_startup.o
 .debug_macro   0x000000000000265a       0x10 ./startup/x64_startup.o
 .debug_macro   0x000000000000266a       0x3a ./startup/x64_startup.o
 .debug_macro   0x00000000000026a4       0xc4 ./startup/x64_startup.o

.debug_line     0x0000000000000000      0xb1f
 .debug_line    0x0000000000000000      0x16f ./x64_cpu_drivers/x64_apic.o
 .debug_line    0x000000000000016f      0x163 ./x64_cpu_drivers/x64_dt.o
 .debug_line    0x00000000000002d2       0x3f ./x64_cpu_drivers/x64_mmu.o
 .debug_line    0x0000000000000311      0x456 ./startup/multiboot2.o
 .debug_line    0x0000000000000767       0xd0 ./startup/x64_boot.o
 .debug_line    0x0000000000000837       0x9b ./startup/x64_isr.o
 .debug_line    0x00000000000008d2       0x9c ./startup/x64_isr_handler.o
 .debug_line    0x000000000000096e      0x1b1 ./startup/x64_startup.o

.debug_str      0x0000000000000000     0x9f7a
 .debug_str     0x0000000000000000     0x52cc ./x64_cpu_drivers/x64_apic.o
                                       0x5447 (size before relaxing)
 .debug_str     0x00000000000052cc     0x3442 ./x64_cpu_drivers/x64_dt.o
                                       0x6eb1 (size before relaxing)
 .debug_str     0x000000000000870e      0x788 ./x64_cpu_drivers/x64_mmu.o
                                       0x32c6 (size before relaxing)
 .debug_str     0x0000000000008e96      0xac5 ./startup/multiboot2.o
                                       0x369d (size before relaxing)
 .debug_str     0x000000000000995b       0x54 ./startup/x64_boot.o
 .debug_str     0x00000000000099af       0x15 ./startup/x64_isr.o
                                         0x53 (size before relaxing)
 .debug_str     0x00000000000099c4        0xf ./startup/x64_isr_handler.o
                                       0x39b4 (size before relaxing)
 .debug_str     0x00000000000099d3      0x5a7 ./startup/x64_startup.o
                                       0x777e (size before relaxing)

.debug_line_str
                0x0000000000000000      0x44b
 .debug_line_str
                0x0000000000000000      0x2cd ./x64_cpu_drivers/x64_apic.o
                                        0x33a (size before relaxing)
 .debug_line_str
                0x00000000000002cd       0xaf ./x64_cpu_drivers/x64_dt.o
                                        0x399 (size before relaxing)
 .debug_line_str
                0x000000000000037c       0x27 ./x64_cpu_drivers/x64_mmu.o
                                         0xb2 (size before relaxing)
 .debug_line_str
                0x00000000000003a3       0x25 ./startup/multiboot2.o
                                         0xae (size before relaxing)
 .debug_line_str
                0x00000000000003c8        0xb ./startup/x64_boot.o
                                         0x53 (size before relaxing)
 .debug_line_str
                0x00000000000003d3        0xa ./startup/x64_isr.o
                                         0x51 (size before relaxing)
 .debug_line_str
                0x00000000000003dd       0x1d ./startup/x64_isr_handler.o
                                        0x2cf (size before relaxing)
 .debug_line_str
                0x00000000000003fa       0x51 ./startup/x64_startup.o
                                        0x38d (size before relaxing)

.comment        0x0000000000000000       0x20
 .comment       0x0000000000000000       0x20 ./x64_cpu_drivers/x64_apic.o
                                         0x21 (size before relaxing)
 .comment       0x0000000000000020       0x21 ./x64_cpu_drivers/x64_dt.o
 .comment       0x0000000000000020       0x21 ./x64_cpu_drivers/x64_mmu.o
 .comment       0x0000000000000020       0x21 ./startup/multiboot2.o
 .comment       0x0000000000000020       0x21 ./startup/x64_isr_handler.o
 .comment       0x0000000000000020       0x21 ./startup/x64_startup.o

.debug_rnglists
                0x0000000000000000       0x35
 .debug_rnglists
                0x0000000000000000       0x35 ./startup/x64_boot.o
