
Discarded input sections

 .group         0x0000000000000000        0xc ./x64_cpu_drivers/x64_mmu.o
 .group         0x0000000000000000        0xc ./x64_cpu_drivers/x64_mmu.o
 .group         0x0000000000000000        0xc ./startup/multiboot.o
 .group         0x0000000000000000        0xc ./startup/multiboot.o
 .debug_macro   0x0000000000000000      0x892 ./startup/multiboot.o

Memory Configuration

Name             Origin             Length             Attributes
CODE             0x0000000000100000 0x0000000001000000 xr
RAM              0x0000000001100000 0x0000000004000000 rw
HEAP             0x0000000005100000 0x0000000004000000 rw
DATA_ROM         0x0000000009100000 0x0000000001000000 r
*default*        0x0000000000000000 0xffffffffffffffff

Linker script and memory map

LOAD ./x64_cpu_drivers/x64_mmu.o
LOAD ./startup/multiboot.o
LOAD ./startup/x64_startup.o
LOAD g:/toolchain_windows-x86_64_x86_64-zephyr-elf/x86_64-zephyr-elf/bin/../lib/gcc/x86_64-zephyr-elf/12.2.0\libgcc.a
LOAD g:/toolchain_windows-x86_64_x86_64-zephyr-elf/x86_64-zephyr-elf/bin/../lib/gcc/x86_64-zephyr-elf/12.2.0/../../../../x86_64-zephyr-elf/lib\libc.a
LOAD g:/toolchain_windows-x86_64_x86_64-zephyr-elf/x86_64-zephyr-elf/bin/../lib/gcc/x86_64-zephyr-elf/12.2.0\libgcc.a

.text           0x0000000000100000      0xb10
                0x0000000000100000                __code_start = .
                0x0000000000100000                . = ALIGN (0x4)
 *(.multiboot_header)
 .multiboot_header
                0x0000000000100000       0x38 ./startup/x64_startup.o
                0x0000000000100000                _start
 *(.multiboot_entry)
 *(.text)
 .text          0x0000000000100038        0x0 ./x64_cpu_drivers/x64_mmu.o
 .text          0x0000000000100038      0xad6 ./startup/multiboot.o
                0x0000000000100038                cmain
                0x0000000000100847                printf
 *fill*         0x0000000000100b0e        0x2 
 .text          0x0000000000100b10        0x0 ./startup/x64_startup.o

.iplt           0x0000000000100b10        0x0
 .iplt          0x0000000000100b10        0x0 ./x64_cpu_drivers/x64_mmu.o

.text.multiboot_entry
                0x0000000000100b10       0x3d
 .text.multiboot_entry
                0x0000000000100b10       0x3d ./startup/x64_startup.o
                0x0000000000100b10                multiboot_entry

.isr_text
 *(.isr)

.gdt386         0x0000000000100b4d        0x3
                0x0000000000100b50                . = ALIGN (0x8)
 *fill*         0x0000000000100b4d        0x3 
 *(.x86_gdt_section)

.rodata         0x0000000000100b50      0x1fb
                0x0000000000100b50                __rodata_start = .
 *(.rodata)
 .rodata        0x0000000000100b50      0x1fb ./startup/multiboot.o
                0x0000000000100d4b                __rodata_end = .
                0x0000000000100d4b                __code_end = .
                0x0000000009100000                __load_data_start = LOADADDR (.data)

.eh_frame       0x0000000000100d50       0xb8
 .eh_frame      0x0000000000100d50       0xb8 ./startup/multiboot.o

.rela.dyn       0x0000000000100e08        0x0
 .rela.got      0x0000000000100e08        0x0 ./x64_cpu_drivers/x64_mmu.o
 .rela.iplt     0x0000000000100e08        0x0 ./x64_cpu_drivers/x64_mmu.o
 .rela.text.multiboot_entry
                0x0000000000100e08        0x0 ./x64_cpu_drivers/x64_mmu.o

.data           0x0000000001100000        0x0 load address 0x0000000009100000
                0x0000000001100000                __data_start = .
 *(.data)
 .data          0x0000000001100000        0x0 ./x64_cpu_drivers/x64_mmu.o
 .data          0x0000000001100000        0x0 ./startup/multiboot.o
 .data          0x0000000001100000        0x0 ./startup/x64_startup.o
                0x0000000001100000                __data_end = .

.got            0x0000000001100000        0x0 load address 0x0000000009100000
 .got           0x0000000001100000        0x0 ./x64_cpu_drivers/x64_mmu.o

.got.plt        0x0000000001100000        0x0 load address 0x0000000009100000
 .got.plt       0x0000000001100000        0x0 ./x64_cpu_drivers/x64_mmu.o

.igot.plt       0x0000000001100000        0x0 load address 0x0000000009100000
 .igot.plt      0x0000000001100000        0x0 ./x64_cpu_drivers/x64_mmu.o

.data.g_gdt     0x0000000001100000        0x8 load address 0x0000000009100000
 .data.g_gdt    0x0000000001100000        0x8 ./startup/x64_startup.o
                0x0000000001100000                g_gdt

.data.g_idt     0x0000000001101000     0x1000 load address 0x0000000009100008
 .data.g_idt    0x0000000001101000     0x1000 ./startup/x64_startup.o
                0x0000000001101000                g_idt

.data.x64_pml4e_table
                0x0000000001102000     0x1000 load address 0x0000000009101008
 .data.x64_pml4e_table
                0x0000000001102000     0x1000 ./startup/x64_startup.o
                0x0000000001102000                x64_pml4e_table

.data.x64_pdpte_table
                0x0000000001103000     0x1000 load address 0x0000000009102008
 .data.x64_pdpte_table
                0x0000000001103000     0x1000 ./startup/x64_startup.o
                0x0000000001103000                x64_pdpte_table

.data.x64_pde0_table
                0x0000000001104000     0x1000 load address 0x0000000009103008
 .data.x64_pde0_table
                0x0000000001104000     0x1000 ./startup/x64_startup.o
                0x0000000001104000                x64_pde0_table

.data.x64_pde1_table
                0x0000000001105000     0x1000 load address 0x0000000009104008
 .data.x64_pde1_table
                0x0000000001105000     0x1000 ./startup/x64_startup.o
                0x0000000001105000                x64_pde1_table

.data.x64_pde2_table
                0x0000000001106000     0x1000 load address 0x0000000009105008
 .data.x64_pde2_table
                0x0000000001106000     0x1000 ./startup/x64_startup.o
                0x0000000001106000                x64_pde2_table

.data.x64_pde3_table
                0x0000000001107000     0x1000 load address 0x0000000009106008
 .data.x64_pde3_table
                0x0000000001107000     0x1000 ./startup/x64_startup.o
                0x0000000001107000                x64_pde3_table

.data.x64_pt_table
                0x0000000001108000   0x800000 load address 0x0000000009107008
 .data.x64_pt_table
                0x0000000001108000   0x800000 ./startup/x64_startup.o
                0x0000000001108000                x64_pt_table

.bss            0x0000000001908000       0x10 load address 0x0000000009907008
                0x0000000001908000                __bss_start = .
 *(COMMON)
 *(.bss)
 .bss           0x0000000001908000        0x0 ./x64_cpu_drivers/x64_mmu.o
 .bss           0x0000000001908000       0x10 ./startup/multiboot.o
 .bss           0x0000000001908010        0x0 ./startup/x64_startup.o
                0x0000000001908010                __bss_end = .
                0x0000000001908010                __stack_start = .

.stack
 *(kernel_stack)
                0x0000000001908010                __stack_end = .
                [!provide]                        PROVIDE (kernel_code_start = __code_start)
                [!provide]                        PROVIDE (kernel_code_end = (__code_start + LENGTH (CODE)))
                [!provide]                        PROVIDE (rodata_start = __rodata_start)
                [!provide]                        PROVIDE (rodata_end = __rodata_end)
                0x0000000009100000                PROVIDE (load_data_start = __load_data_start)
                0x0000000001100000                PROVIDE (data_start = __data_start)
                0x0000000001100000                PROVIDE (data_end = __data_end)
                0x0000000001908000                PROVIDE (bss_start = __bss_start)
                0x0000000001908010                PROVIDE (bss_end = __bss_end)
                0x0000000001908010                PROVIDE (stack_start = __stack_start)
                0x0000000001908010                PROVIDE (stack_end = __stack_end)
OUTPUT(x86_64_prj.elf elf64-x86-64)

.debug_info     0x0000000000000000      0x8ad
 .debug_info    0x0000000000000000       0x22 ./x64_cpu_drivers/x64_mmu.o
 .debug_info    0x0000000000000022      0x868 ./startup/multiboot.o
 .debug_info    0x000000000000088a       0x23 ./startup/x64_startup.o

.debug_abbrev   0x0000000000000000      0x22b
 .debug_abbrev  0x0000000000000000       0x12 ./x64_cpu_drivers/x64_mmu.o
 .debug_abbrev  0x0000000000000012      0x207 ./startup/multiboot.o
 .debug_abbrev  0x0000000000000219       0x12 ./startup/x64_startup.o

.debug_aranges  0x0000000000000000       0x90
 .debug_aranges
                0x0000000000000000       0x20 ./x64_cpu_drivers/x64_mmu.o
 .debug_aranges
                0x0000000000000020       0x30 ./startup/multiboot.o
 .debug_aranges
                0x0000000000000050       0x40 ./startup/x64_startup.o

.debug_macro    0x0000000000000000      0xb3a
 .debug_macro   0x0000000000000000       0x1a ./x64_cpu_drivers/x64_mmu.o
 .debug_macro   0x000000000000001a      0x892 ./x64_cpu_drivers/x64_mmu.o
 .debug_macro   0x00000000000008ac      0x18a ./x64_cpu_drivers/x64_mmu.o
 .debug_macro   0x0000000000000a36       0x38 ./startup/multiboot.o
 .debug_macro   0x0000000000000a6e       0xcc ./startup/multiboot.o

.debug_line     0x0000000000000000      0x557
 .debug_line    0x0000000000000000       0x3f ./x64_cpu_drivers/x64_mmu.o
 .debug_line    0x000000000000003f      0x4a4 ./startup/multiboot.o
 .debug_line    0x00000000000004e3       0x74 ./startup/x64_startup.o

.debug_str      0x0000000000000000     0x3bc2
 .debug_str     0x0000000000000000     0x3264 ./x64_cpu_drivers/x64_mmu.o
 .debug_str     0x0000000000003264      0x90d ./startup/multiboot.o
                                       0x345d (size before relaxing)
 .debug_str     0x0000000000003b71       0x51 ./startup/x64_startup.o

.debug_line_str
                0x0000000000000000       0xa2
 .debug_line_str
                0x0000000000000000       0x66 ./x64_cpu_drivers/x64_mmu.o
                                         0xa6 (size before relaxing)
 .debug_line_str
                0x0000000000000066       0x2e ./startup/multiboot.o
                                         0x9e (size before relaxing)
 .debug_line_str
                0x0000000000000094        0xe ./startup/x64_startup.o
                                         0x53 (size before relaxing)

.comment        0x0000000000000000       0x20
 .comment       0x0000000000000000       0x20 ./x64_cpu_drivers/x64_mmu.o
                                         0x21 (size before relaxing)
 .comment       0x0000000000000020       0x21 ./startup/multiboot.o

.debug_rnglists
                0x0000000000000000       0x21
 .debug_rnglists
                0x0000000000000000       0x21 ./startup/x64_startup.o
